#TradeId,Date,Time,EPE,ENE,AllocatedEPE,AllocatedENE,PFE,BaselEE,BaselEEE
SwaptionCashPremium,2016-02-05,0.000000,7692,0,0,0,7692,7692,7692
SwaptionCashPremium,2016-05-06,0.248634,70760,76059,0,0,329655,70720,70720
SwaptionCashPremium,2016-08-05,0.497268,118777,127812,0,0,490055,118623,118623
SwaptionCashPremium,2016-11-07,0.754098,135930,145547,0,0,810903,135615,135615
SwaptionCashPremium,2017-02-06,1.003002,163970,179115,0,0,918881,163450,163450
SwaptionCashPremium,2017-05-05,1.244098,185374,200272,0,0,936954,184604,184604
SwaptionCashPremium,2017-08-07,1.501632,227230,226780,0,0,1019667,226085,226085
SwaptionCashPremium,2017-11-06,1.750947,241342,245757,0,0,1095206,239911,239911
SwaptionCashPremium,2018-02-05,2.000262,238753,269117,0,0,1087690,237085,239911
SwaptionCashPremium,2018-05-08,2.252317,234579,271439,0,0,1184221,232791,239911
SwaptionCashPremium,2018-08-06,2.498892,188517,270349,0,0,836756,186971,239911
SwaptionCashPremium,2018-11-05,2.748207,246590,297831,0,0,1118909,244423,244423
SwaptionCashPremium,2019-02-05,3.000262,331763,326198,0,0,1717300,328649,328649
SwaptionCashPremium,2019-05-07,3.249577,296872,312802,0,0,1482547,294028,328649
SwaptionCashPremium,2019-08-05,3.496152,323850,319450,0,0,1329509,320697,328649
SwaptionCashPremium,2019-11-05,3.748207,336605,331004,0,0,1586297,333274,333274
SwaptionCashPremium,2020-02-05,4.000000,348089,341042,0,0,1843886,344588,344588
SwaptionCashPremium,2020-05-05,4.245902,323493,355743,0,0,1808286,320327,344588
SwaptionCashPremium,2020-08-05,4.497268,375169,375723,0,0,2442826,371611,371611
SwaptionCashPremium,2020-11-05,4.748634,282798,378258,0,0,1817917,280202,371611
SwaptionCashPremium,2021-02-05,5.000262,218228,380378,0,0,1128434,216292,371611
SwaptionCashPremium,2021-05-05,5.244098,255053,389746,0,0,1206394,253076,371611
SwaptionCashPremium,2021-08-05,5.496152,166928,392323,0,0,758504,165836,371611
SwaptionCashPremium,2021-11-05,5.748207,149385,409249,0,0,860794,148590,371611
SwaptionCashPremium,2022-02-07,6.005741,159573,434322,0,0,847636,158921,371611
SwaptionCashPremium,2022-05-05,6.244098,204450,446432,0,0,985456,203983,371611
SwaptionCashPremium,2022-08-05,6.496152,228637,458492,0,0,955224,228557,371611
SwaptionCashPremium,2022-11-07,6.753687,220131,468591,0,0,760125,220490,371611
SwaptionCashPremium,2023-02-06,7.003002,227542,467334,0,0,1133753,228350,371611
SwaptionCashPremium,2023-05-05,7.244098,266599,492830,0,0,1623439,268188,371611
SwaptionCashPremium,2023-08-07,7.501632,292104,476199,0,0,1153646,294609,371611
SwaptionCashPremium,2023-11-06,7.750947,278334,486763,0,0,1308440,281425,371611
SwaptionCashPremium,2024-02-05,8.000000,273254,481837,0,0,1122474,276983,371611
SwaptionCashPremium,2024-05-07,8.251366,308890,516624,0,0,1192576,314051,371611
SwaptionCashPremium,2024-08-05,8.497268,306485,521781,0,0,1481196,312537,371611
SwaptionCashPremium,2024-11-05,8.748634,323740,530398,0,0,1446207,331142,371611
SwaptionCashPremium,2025-02-05,9.000262,358147,526121,0,0,1149373,367457,371611
SwaptionCashPremium,2025-05-06,9.246837,361818,552715,0,0,2309422,372518,372518
SwaptionCashPremium,2025-08-05,9.496152,447089,573289,0,0,1737751,461951,461951
SwaptionCashPremium,2025-11-05,9.748207,487710,593236,0,0,2461589,505737,505737
SwaptionCashPremium,2026-02-05,10.000262,501655,604383,0,0,3232903,522072,522072
SwaptionCashPremium,2026-05-05,10.244098,0,0,0,0,0,0,522072
SwaptionCashPremium,2026-08-05,10.496152,0,0,0,0,0,0,522072
SwaptionCashPremium,2026-11-05,10.748207,0,0,0,0,0,0,522072
SwaptionCashPremium,2027-02-05,11.000262,0,0,0,0,0,0,522072
SwaptionCashPremium,2027-05-05,11.244098,0,0,0,0,0,0,522072
SwaptionCashPremium,2027-08-05,11.496152,0,0,0,0,0,0,522072
SwaptionCashPremium,2027-11-05,11.748207,0,0,0,0,0,0,522072
SwaptionCashPremium,2028-02-07,12.005464,0,0,0,0,0,0,522072
SwaptionCashPremium,2028-05-05,12.245902,0,0,0,0,0,0,522072
SwaptionCashPremium,2028-08-07,12.502732,0,0,0,0,0,0,522072
SwaptionCashPremium,2028-11-06,12.751366,0,0,0,0,0,0,522072
SwaptionCashPremium,2029-02-05,13.000262,0,0,0,0,0,0,522072
SwaptionCashPremium,2029-05-08,13.252317,0,0,0,0,0,0,522072
SwaptionCashPremium,2029-08-06,13.498892,0,0,0,0,0,0,522072
SwaptionCashPremium,2029-11-05,13.748207,0,0,0,0,0,0,522072
SwaptionCashPremium,2030-02-05,14.000262,0,0,0,0,0,0,522072
SwaptionCashPremium,2030-05-07,14.249577,0,0,0,0,0,0,522072
SwaptionCashPremium,2030-08-05,14.496152,0,0,0,0,0,0,522072
SwaptionCashPremium,2030-11-05,14.748207,0,0,0,0,0,0,522072
SwaptionCashPremium,2031-02-05,15.000262,0,0,0,0,0,0,522072
SwaptionCashPremium,2031-05-06,15.246837,0,0,0,0,0,0,522072
SwaptionCashPremium,2031-08-05,15.496152,0,0,0,0,0,0,522072
SwaptionCashPremium,2031-11-05,15.748207,0,0,0,0,0,0,522072
SwaptionCashPremium,2032-02-05,16.000000,0,0,0,0,0,0,522072
SwaptionCashPremium,2032-05-05,16.245902,0,0,0,0,0,0,522072
SwaptionCashPremium,2032-08-05,16.497268,0,0,0,0,0,0,522072
SwaptionCashPremium,2032-11-05,16.748634,0,0,0,0,0,0,522072
SwaptionCashPremium,2033-02-07,17.005741,0,0,0,0,0,0,522072
SwaptionCashPremium,2033-05-05,17.244098,0,0,0,0,0,0,522072
SwaptionCashPremium,2033-08-05,17.496152,0,0,0,0,0,0,522072
SwaptionCashPremium,2033-11-07,17.753687,0,0,0,0,0,0,522072
SwaptionCashPremium,2034-02-06,18.003002,0,0,0,0,0,0,522072
SwaptionCashPremium,2034-05-05,18.244098,0,0,0,0,0,0,522072
SwaptionCashPremium,2034-08-07,18.501632,0,0,0,0,0,0,522072
SwaptionCashPremium,2034-11-06,18.750947,0,0,0,0,0,0,522072
SwaptionCashPremium,2035-02-05,19.000262,0,0,0,0,0,0,522072
SwaptionCashPremium,2035-05-08,19.252317,0,0,0,0,0,0,522072
SwaptionCashPremium,2035-08-06,19.498892,0,0,0,0,0,0,522072
SwaptionCashPremium,2035-11-05,19.748207,0,0,0,0,0,0,522072
SwaptionCashPremium,2036-02-05,20.000000,0,0,0,0,0,0,522072
SwaptionCashPremium,2036-05-06,20.248634,0,0,0,0,0,0,522072
SwaptionCashPremium,2036-08-05,20.497268,0,0,0,0,0,0,522072
SwaptionCashPremium,2036-11-05,20.748634,0,0,0,0,0,0,522072
