#TradeId,Type,CashflowNo,LegNo,PayDate,FlowType,Amount,Currency,Coupon,Accrual,AccrualStartDate,AccrualEndDate,AccruedAmount,fixingDate,fixingValue,Notional,DiscountFactor,PresentValue,FXRate(Local-Base),PresentValue(Base),BaseCurrency,FloorStrike,CapStrike,FloorVolatility,CapVolatility,EffectiveFloorVolatility,EffectiveCapVolatility
GenericTRS,TotalReturnSwap,1,0,2020-12-31,AccruedReturn,1554416.7455,EUR,#N/A,#N/A,2020-10-19,2020-12-31,#N/A,#N/A,2445583.2544617844,4000000.0000,1.0000000000,1554416.7455382156,1.0000000000,1554416.7455382156,EUR,#N/A,#N/A,#N/A,#N/A,#N/A,#N/A
GenericTRS,TotalReturnSwap,1,1,2020-12-31,UnderlyingCashFlow,-30163.9344,EUR,#N/A,#N/A,#N/A,#N/A,#N/A,#N/A,#N/A,4000000.0000,1.0000000000,-30163.9344262297,1.0000000000,-30163.9344262297,EUR,#N/A,#N/A,#N/A,#N/A,#N/A,#N/A
GenericTRS,TotalReturnSwap,1,3,2020-12-31,AccruedFunding,-843.5556,EUR,#N/A,#N/A,2020-10-19,2020-12-31,#N/A,#N/A,#N/A,4000000.0000,1.0000000000,-843.5555555556,1.0000000000,-843.5555555556,EUR,#N/A,#N/A,#N/A,#N/A,#N/A,#N/A
