#TradeId,Factor,Up/Down,Base NPV,Scenario NPV,Difference
YearOnYear_Cap,DiscountCurve/EUR/1/1Y,Up,26370.02,26370.00,-0.02
YearOnYear_Cap,DiscountCurve/EUR/2/2Y,Up,26370.02,26369.54,-0.48
YearOnYear_Cap,DiscountCurve/EUR/3/3Y,Up,26370.02,26367.19,-2.82
YearOnYear_Cap,DiscountCurve/EUR/4/5Y,Up,26370.02,26362.83,-7.18
YearOnYear_Cap,DiscountCurve/EUR/1/1Y,Down,26370.02,26370.04,0.02
YearOnYear_Cap,DiscountCurve/EUR/2/2Y,Down,26370.02,26370.50,0.48
YearOnYear_Cap,DiscountCurve/EUR/3/3Y,Down,26370.02,26372.84,2.82
YearOnYear_Cap,DiscountCurve/EUR/4/5Y,Down,26370.02,26377.20,7.19
YearOnYear_Cap,YoYInflationCurve/EUHICPXT/1/1Y,Up,26370.02,26377.67,7.66
YearOnYear_Cap,YoYInflationCurve/EUHICPXT/2/2Y,Up,26370.02,26420.78,50.76
YearOnYear_Cap,YoYInflationCurve/EUHICPXT/3/3Y,Up,26370.02,26522.65,152.63
YearOnYear_Cap,YoYInflationCurve/EUHICPXT/4/5Y,Up,26370.02,26579.69,209.67
YearOnYear_Cap,YoYInflationCurve/EUHICPXT/5/7Y,Up,26370.02,26375.96,5.94
YearOnYear_Cap,YoYInflationCurve/EUHICPXT/1/1Y,Down,26370.02,26362.61,-7.41
YearOnYear_Cap,YoYInflationCurve/EUHICPXT/2/2Y,Down,26370.02,26320.14,-49.88
YearOnYear_Cap,YoYInflationCurve/EUHICPXT/3/3Y,Down,26370.02,26219.00,-151.02
YearOnYear_Cap,YoYInflationCurve/EUHICPXT/4/5Y,Down,26370.02,26162.29,-207.72
YearOnYear_Cap,YoYInflationCurve/EUHICPXT/5/7Y,Down,26370.02,26364.08,-5.94
YearOnYear_Cap,YoYInflationCapFloorVolatility/EUHICPXT/2/1Y/0.03,Up,26370.02,26993.41,623.39
YearOnYear_Cap,YoYInflationCapFloorVolatility/EUHICPXT/7/2Y/0.03,Up,26370.02,28395.13,2025.11
YearOnYear_Cap,YoYInflationCapFloorVolatility/EUHICPXT/12/3Y/0.03,Up,26370.02,32074.50,5704.48
YearOnYear_Cap,YoYInflationCapFloorVolatility/EUHICPXT/17/5Y/0.03,Up,26370.02,33183.13,6813.11
YearOnYear_Cap,YoYInflationCapFloorVolatility/EUHICPXT/2/1Y/0.03,Down,26370.02,25946.55,-423.46
YearOnYear_Cap,YoYInflationCapFloorVolatility/EUHICPXT/7/2Y/0.03,Down,26370.02,24747.43,-1622.59
YearOnYear_Cap,YoYInflationCapFloorVolatility/EUHICPXT/12/3Y/0.03,Down,26370.02,21474.20,-4895.82
YearOnYear_Cap,YoYInflationCapFloorVolatility/EUHICPXT/17/5Y/0.03,Down,26370.02,20490.36,-5879.66
YearOnYear_Floor,DiscountCurve/EUR/1/1Y,Up,1083.34,1083.34,0.00
YearOnYear_Floor,DiscountCurve/EUR/2/2Y,Up,1083.34,1083.28,-0.06
YearOnYear_Floor,DiscountCurve/EUR/3/3Y,Up,1083.34,1083.10,-0.24
YearOnYear_Floor,DiscountCurve/EUR/1/1Y,Down,1083.34,1083.34,0.00
YearOnYear_Floor,DiscountCurve/EUR/2/2Y,Down,1083.34,1083.39,0.06
YearOnYear_Floor,DiscountCurve/EUR/3/3Y,Down,1083.34,1083.57,0.24
YearOnYear_Floor,YoYInflationCurve/EUHICPXT/1/1Y,Up,1083.34,1082.52,-0.82
YearOnYear_Floor,YoYInflationCurve/EUHICPXT/2/2Y,Up,1083.34,1075.48,-7.86
YearOnYear_Floor,YoYInflationCurve/EUHICPXT/3/3Y,Up,1083.34,1064.78,-18.56
YearOnYear_Floor,YoYInflationCurve/EUHICPXT/4/5Y,Up,1083.34,1082.57,-0.77
YearOnYear_Floor,YoYInflationCurve/EUHICPXT/1/1Y,Down,1083.34,1084.19,0.85
YearOnYear_Floor,YoYInflationCurve/EUHICPXT/2/2Y,Down,1083.34,1091.40,8.06
YearOnYear_Floor,YoYInflationCurve/EUHICPXT/3/3Y,Down,1083.34,1102.26,18.93
YearOnYear_Floor,YoYInflationCurve/EUHICPXT/4/5Y,Down,1083.34,1084.11,0.77
YearOnYear_Floor,YoYInflationCapFloorVolatility/EUHICPXT/0/1Y/0.01,Up,1083.34,1211.01,127.67
YearOnYear_Floor,YoYInflationCapFloorVolatility/EUHICPXT/5/2Y/0.01,Up,1083.34,1617.36,534.02
YearOnYear_Floor,YoYInflationCapFloorVolatility/EUHICPXT/10/3Y/0.01,Up,1083.34,1938.95,855.61
YearOnYear_Floor,YoYInflationCapFloorVolatility/EUHICPXT/0/1Y/0.01,Down,1083.34,1012.77,-70.57
YearOnYear_Floor,YoYInflationCapFloorVolatility/EUHICPXT/5/2Y/0.01,Down,1083.34,757.87,-325.47
YearOnYear_Floor,YoYInflationCapFloorVolatility/EUHICPXT/10/3Y/0.01,Down,1083.34,586.66,-496.68
CPI_Floor,DiscountCurve/EUR/1/1Y,Up,-6301.27,-6301.27,0.00
CPI_Floor,DiscountCurve/EUR/2/2Y,Up,-6301.27,-6300.76,0.51
CPI_Floor,DiscountCurve/EUR/3/3Y,Up,-6301.27,-6300.15,1.13
CPI_Floor,DiscountCurve/EUR/1/1Y,Down,-6301.27,-6301.27,0.00
CPI_Floor,DiscountCurve/EUR/2/2Y,Down,-6301.27,-6301.78,-0.51
CPI_Floor,DiscountCurve/EUR/3/3Y,Down,-6301.27,-6302.40,-1.13
CPI_Floor,ZeroInflationCurve/EUHICPXT/1/1Y,Up,-6301.27,-6271.86,29.41
CPI_Floor,ZeroInflationCurve/EUHICPXT/2/2Y,Up,-6301.27,-6234.26,67.02
CPI_Floor,ZeroInflationCurve/EUHICPXT/3/3Y,Up,-6301.27,-6196.25,105.02
CPI_Floor,ZeroInflationCurve/EUHICPXT/1/1Y,Down,-6301.27,-6330.80,-29.53
CPI_Floor,ZeroInflationCurve/EUHICPXT/2/2Y,Down,-6301.27,-6368.72,-67.45
CPI_Floor,ZeroInflationCurve/EUHICPXT/3/3Y,Down,-6301.27,-6407.00,-105.73
CPI_Floor,ZeroInflationCapFloorVolatility/EUHICPXT/0/1Y/0.01,Up,-6301.27,-6494.41,-193.14
CPI_Floor,ZeroInflationCapFloorVolatility/EUHICPXT/1/1Y/0.02,Up,-6301.27,-6275.06,26.22
CPI_Floor,ZeroInflationCapFloorVolatility/EUHICPXT/2/1Y/0.03,Up,-6301.27,-6176.25,125.02
CPI_Floor,ZeroInflationCapFloorVolatility/EUHICPXT/5/2Y/0.01,Up,-6301.27,-6587.69,-286.42
CPI_Floor,ZeroInflationCapFloorVolatility/EUHICPXT/6/2Y/0.02,Up,-6301.27,-6289.11,12.16
CPI_Floor,ZeroInflationCapFloorVolatility/EUHICPXT/7/2Y/0.03,Up,-6301.27,-6171.11,130.17
CPI_Floor,ZeroInflationCapFloorVolatility/EUHICPXT/10/3Y/0.01,Up,-6301.27,-6654.19,-352.92
CPI_Floor,ZeroInflationCapFloorVolatility/EUHICPXT/11/3Y/0.02,Up,-6301.27,-6291.21,10.06
CPI_Floor,ZeroInflationCapFloorVolatility/EUHICPXT/12/3Y/0.03,Up,-6301.27,-6135.13,166.14
CPI_Floor,ZeroInflationCapFloorVolatility/EUHICPXT/0/1Y/0.01,Down,-6301.27,-6110.30,190.98
CPI_Floor,ZeroInflationCapFloorVolatility/EUHICPXT/1/1Y/0.02,Down,-6301.27,-6327.35,-26.08
CPI_Floor,ZeroInflationCapFloorVolatility/EUHICPXT/2/1Y/0.03,Down,-6301.27,-6423.17,-121.90
CPI_Floor,ZeroInflationCapFloorVolatility/EUHICPXT/5/2Y/0.01,Down,-6301.27,-6015.35,285.92
CPI_Floor,ZeroInflationCapFloorVolatility/EUHICPXT/6/2Y/0.02,Down,-6301.27,-6313.37,-12.09
CPI_Floor,ZeroInflationCapFloorVolatility/EUHICPXT/7/2Y/0.03,Down,-6301.27,-6424.11,-122.84
CPI_Floor,ZeroInflationCapFloorVolatility/EUHICPXT/10/3Y/0.01,Down,-6301.27,-5949.43,351.84
CPI_Floor,ZeroInflationCapFloorVolatility/EUHICPXT/11/3Y/0.02,Down,-6301.27,-6311.30,-10.03
CPI_Floor,ZeroInflationCapFloorVolatility/EUHICPXT/12/3Y/0.03,Down,-6301.27,-6459.46,-158.18
CPI_Floor_SingleFlow,DiscountCurve/EUR/3/3Y,Up,-103307.26,-103276.25,31.02
CPI_Floor_SingleFlow,DiscountCurve/EUR/3/3Y,Down,-103307.26,-103338.29,-31.03
CPI_Floor_SingleFlow,ZeroInflationCurve/EUHICPXT/3/3Y,Up,-103307.26,-101557.75,1749.51
CPI_Floor_SingleFlow,ZeroInflationCurve/EUHICPXT/3/3Y,Down,-103307.26,-105074.51,-1767.25
CPI_Floor_SingleFlow,ZeroInflationCapFloorVolatility/EUHICPXT/10/3Y/0.01,Up,-103307.26,-110365.69,-7058.42
CPI_Floor_SingleFlow,ZeroInflationCapFloorVolatility/EUHICPXT/10/3Y/0.01,Down,-103307.26,-96270.37,7036.89
CPI_Cap,DiscountCurve/EUR/1/1Y,Up,73305.95,73305.66,-0.30
CPI_Cap,DiscountCurve/EUR/2/2Y,Up,73305.95,73305.45,-0.50
CPI_Cap,DiscountCurve/EUR/3/3Y,Up,73305.95,73285.58,-20.37
CPI_Cap,DiscountCurve/EUR/1/1Y,Down,73305.95,73306.25,0.30
CPI_Cap,DiscountCurve/EUR/2/2Y,Down,73305.95,73306.46,0.50
CPI_Cap,DiscountCurve/EUR/3/3Y,Down,73305.95,73326.33,20.38
CPI_Cap,ZeroInflationCurve/EUHICPXT/1/1Y,Up,73305.95,73337.92,31.97
CPI_Cap,ZeroInflationCurve/EUHICPXT/2/2Y,Up,73305.95,73351.89,45.94
CPI_Cap,ZeroInflationCurve/EUHICPXT/3/3Y,Up,73305.95,74706.83,1400.88
CPI_Cap,ZeroInflationCurve/EUHICPXT/1/1Y,Down,73305.95,73274.18,-31.78
CPI_Cap,ZeroInflationCurve/EUHICPXT/2/2Y,Down,73305.95,73260.57,-45.38
CPI_Cap,ZeroInflationCurve/EUHICPXT/3/3Y,Down,73305.95,71924.34,-1381.61
CPI_Cap,ZeroInflationCapFloorVolatility/EUHICPXT/0/1Y/0.01,Up,73305.95,73499.09,193.14
CPI_Cap,ZeroInflationCapFloorVolatility/EUHICPXT/5/2Y/0.01,Up,73305.95,73592.37,286.42
CPI_Cap,ZeroInflationCapFloorVolatility/EUHICPXT/10/3Y/0.01,Up,73305.95,80717.30,7411.35
CPI_Cap,ZeroInflationCapFloorVolatility/EUHICPXT/0/1Y/0.01,Down,73305.95,73114.98,-190.98
CPI_Cap,ZeroInflationCapFloorVolatility/EUHICPXT/5/2Y/0.01,Down,73305.95,73020.03,-285.92
CPI_Cap,ZeroInflationCapFloorVolatility/EUHICPXT/10/3Y/0.01,Down,73305.95,65917.22,-7388.73
