{ "@timestamp": "2024-02-06T18:28:23.636529", "key": "Running XVA Analytic", "progress": 0, "total": 1 }
{ "@timestamp": "2024-02-06T18:28:23.637531", "key": "XVA: Build Today's Market", "progress": 0, "total": 1 }
{ "@timestamp": "2024-02-06T18:28:24.037521", "key": "XVA: Build Today's Market", "progress": 1, "total": 1 }
{ "@timestamp": "2024-02-06T18:28:25.936470", "key": "XVA: Build Portfolio", "progress": 0, "total": 1 }
{ "@timestamp": "2024-02-06T18:28:25.938470", "key": "XVA: Build Portfolio", "progress": 1, "total": 1 }
{ "@timestamp": "2024-02-06T18:28:39.101137", "detail": "1 trade, 50 samples", "key": "XVA: Building cube", "progress": 0, "total": 50 }
{ "@timestamp": "2024-02-06T18:28:39.244133", "detail": "1 trade, 50 samples", "key": "XVA: Building cube", "progress": 1, "total": 50 }
{ "@timestamp": "2024-02-06T18:28:39.396129", "detail": "1 trade, 50 samples", "key": "XVA: Building cube", "progress": 2, "total": 50 }
{ "@timestamp": "2024-02-06T18:28:39.544127", "detail": "1 trade, 50 samples", "key": "XVA: Building cube", "progress": 3, "total": 50 }
{ "@timestamp": "2024-02-06T18:28:39.684126", "detail": "1 trade, 50 samples", "key": "XVA: Building cube", "progress": 4, "total": 50 }
{ "@timestamp": "2024-02-06T18:28:39.826118", "detail": "1 trade, 50 samples", "key": "XVA: Building cube", "progress": 5, "total": 50 }
{ "@timestamp": "2024-02-06T18:28:39.970115", "detail": "1 trade, 50 samples", "key": "XVA: Building cube", "progress": 6, "total": 50 }
{ "@timestamp": "2024-02-06T18:28:40.108110", "detail": "1 trade, 50 samples", "key": "XVA: Building cube", "progress": 7, "total": 50 }
{ "@timestamp": "2024-02-06T18:28:40.251106", "detail": "1 trade, 50 samples", "key": "XVA: Building cube", "progress": 8, "total": 50 }
{ "@timestamp": "2024-02-06T18:28:40.392102", "detail": "1 trade, 50 samples", "key": "XVA: Building cube", "progress": 9, "total": 50 }
{ "@timestamp": "2024-02-06T18:28:40.533099", "detail": "1 trade, 50 samples", "key": "XVA: Building cube", "progress": 10, "total": 50 }
{ "@timestamp": "2024-02-06T18:28:40.665097", "detail": "1 trade, 50 samples", "key": "XVA: Building cube", "progress": 11, "total": 50 }
{ "@timestamp": "2024-02-06T18:28:40.803092", "detail": "1 trade, 50 samples", "key": "XVA: Building cube", "progress": 12, "total": 50 }
{ "@timestamp": "2024-02-06T18:28:40.942089", "detail": "1 trade, 50 samples", "key": "XVA: Building cube", "progress": 13, "total": 50 }
{ "@timestamp": "2024-02-06T18:28:41.080086", "detail": "1 trade, 50 samples", "key": "XVA: Building cube", "progress": 14, "total": 50 }
{ "@timestamp": "2024-02-06T18:28:41.223098", "detail": "1 trade, 50 samples", "key": "XVA: Building cube", "progress": 15, "total": 50 }
{ "@timestamp": "2024-02-06T18:28:41.361080", "detail": "1 trade, 50 samples", "key": "XVA: Building cube", "progress": 16, "total": 50 }
{ "@timestamp": "2024-02-06T18:28:41.499075", "detail": "1 trade, 50 samples", "key": "XVA: Building cube", "progress": 17, "total": 50 }
{ "@timestamp": "2024-02-06T18:28:41.628072", "detail": "1 trade, 50 samples", "key": "XVA: Building cube", "progress": 18, "total": 50 }
{ "@timestamp": "2024-02-06T18:28:41.764069", "detail": "1 trade, 50 samples", "key": "XVA: Building cube", "progress": 19, "total": 50 }
{ "@timestamp": "2024-02-06T18:28:41.919065", "detail": "1 trade, 50 samples", "key": "XVA: Building cube", "progress": 20, "total": 50 }
{ "@timestamp": "2024-02-06T18:28:42.055078", "detail": "1 trade, 50 samples", "key": "XVA: Building cube", "progress": 21, "total": 50 }
{ "@timestamp": "2024-02-06T18:28:42.190058", "detail": "1 trade, 50 samples", "key": "XVA: Building cube", "progress": 22, "total": 50 }
{ "@timestamp": "2024-02-06T18:28:42.329054", "detail": "1 trade, 50 samples", "key": "XVA: Building cube", "progress": 23, "total": 50 }
{ "@timestamp": "2024-02-06T18:28:42.468051", "detail": "1 trade, 50 samples", "key": "XVA: Building cube", "progress": 24, "total": 50 }
{ "@timestamp": "2024-02-06T18:28:42.606047", "detail": "1 trade, 50 samples", "key": "XVA: Building cube", "progress": 25, "total": 50 }
{ "@timestamp": "2024-02-06T18:28:42.745043", "detail": "1 trade, 50 samples", "key": "XVA: Building cube", "progress": 26, "total": 50 }
{ "@timestamp": "2024-02-06T18:28:42.881040", "detail": "1 trade, 50 samples", "key": "XVA: Building cube", "progress": 27, "total": 50 }
{ "@timestamp": "2024-02-06T18:28:43.014036", "detail": "1 trade, 50 samples", "key": "XVA: Building cube", "progress": 28, "total": 50 }
{ "@timestamp": "2024-02-06T18:28:43.145033", "detail": "1 trade, 50 samples", "key": "XVA: Building cube", "progress": 29, "total": 50 }
{ "@timestamp": "2024-02-06T18:28:43.278030", "detail": "1 trade, 50 samples", "key": "XVA: Building cube", "progress": 30, "total": 50 }
{ "@timestamp": "2024-02-06T18:28:43.415028", "detail": "1 trade, 50 samples", "key": "XVA: Building cube", "progress": 31, "total": 50 }
{ "@timestamp": "2024-02-06T18:28:43.549022", "detail": "1 trade, 50 samples", "key": "XVA: Building cube", "progress": 32, "total": 50 }
{ "@timestamp": "2024-02-06T18:28:43.683020", "detail": "1 trade, 50 samples", "key": "XVA: Building cube", "progress": 33, "total": 50 }
{ "@timestamp": "2024-02-06T18:28:43.826016", "detail": "1 trade, 50 samples", "key": "XVA: Building cube", "progress": 34, "total": 50 }
{ "@timestamp": "2024-02-06T18:28:43.965013", "detail": "1 trade, 50 samples", "key": "XVA: Building cube", "progress": 35, "total": 50 }
{ "@timestamp": "2024-02-06T18:28:44.102009", "detail": "1 trade, 50 samples", "key": "XVA: Building cube", "progress": 36, "total": 50 }
{ "@timestamp": "2024-02-06T18:28:44.246006", "detail": "1 trade, 50 samples", "key": "XVA: Building cube", "progress": 37, "total": 50 }
{ "@timestamp": "2024-02-06T18:28:44.389002", "detail": "1 trade, 50 samples", "key": "XVA: Building cube", "progress": 38, "total": 50 }
{ "@timestamp": "2024-02-06T18:28:44.521999", "detail": "1 trade, 50 samples", "key": "XVA: Building cube", "progress": 39, "total": 50 }
{ "@timestamp": "2024-02-06T18:28:44.651995", "detail": "1 trade, 50 samples", "key": "XVA: Building cube", "progress": 40, "total": 50 }
{ "@timestamp": "2024-02-06T18:28:44.793991", "detail": "1 trade, 50 samples", "key": "XVA: Building cube", "progress": 41, "total": 50 }
{ "@timestamp": "2024-02-06T18:28:44.930988", "detail": "1 trade, 50 samples", "key": "XVA: Building cube", "progress": 42, "total": 50 }
{ "@timestamp": "2024-02-06T18:28:45.063984", "detail": "1 trade, 50 samples", "key": "XVA: Building cube", "progress": 43, "total": 50 }
{ "@timestamp": "2024-02-06T18:28:45.203982", "detail": "1 trade, 50 samples", "key": "XVA: Building cube", "progress": 44, "total": 50 }
{ "@timestamp": "2024-02-06T18:28:45.350980", "detail": "1 trade, 50 samples", "key": "XVA: Building cube", "progress": 45, "total": 50 }
{ "@timestamp": "2024-02-06T18:28:45.488973", "detail": "1 trade, 50 samples", "key": "XVA: Building cube", "progress": 46, "total": 50 }
{ "@timestamp": "2024-02-06T18:28:45.622970", "detail": "1 trade, 50 samples", "key": "XVA: Building cube", "progress": 47, "total": 50 }
{ "@timestamp": "2024-02-06T18:28:45.757967", "detail": "1 trade, 50 samples", "key": "XVA: Building cube", "progress": 48, "total": 50 }
{ "@timestamp": "2024-02-06T18:28:45.892963", "detail": "1 trade, 50 samples", "key": "XVA: Building cube", "progress": 49, "total": 50 }
{ "@timestamp": "2024-02-06T18:28:45.897963", "detail": "1 trade, 50 samples", "key": "XVA: Building cube", "progress": 50, "total": 50 }
{ "@timestamp": "2024-02-06T18:28:45.932963", "key": "XVA: Aggregation", "progress": 0, "total": 1 }
{ "@timestamp": "2024-02-06T18:28:45.969962", "key": "XVA: Aggregation", "progress": 1, "total": 1 }
{ "@timestamp": "2024-02-06T18:28:45.969962", "key": "XVA: Reports", "progress": 0, "total": 1 }
{ "@timestamp": "2024-02-06T18:28:45.991961", "key": "XVA: Reports", "progress": 1, "total": 1 }
{ "@timestamp": "2024-02-06T18:28:45.992960", "key": "Running XVA Analytic", "progress": 1, "total": 1 }
