#TradeId,Date,Time,EPE,ENE,AllocatedEPE,AllocatedENE,PFE,BaselEE,BaselEEE
XCCY_Swap_EUR_USD,2016-02-05,0.000000,0,12253164,0,0,0,0,0
XCCY_Swap_EUR_USD,2016-03-07,0.084699,0,12149597,0,0,0,0,0
XCCY_Swap_EUR_USD,2016-04-05,0.163934,0,12049444,0,0,0,0,0
XCCY_Swap_EUR_USD,2016-05-06,0.248634,62072,12161756,0,0,0,62385,62385
XCCY_Swap_EUR_USD,2016-06-06,0.333333,257050,12227560,0,0,2002906,258789,258789
XCCY_Swap_EUR_USD,2016-07-05,0.412568,197256,12161916,0,0,1172983,198909,258789
XCCY_Swap_EUR_USD,2016-08-05,0.497268,361308,11941283,0,0,4076832,364961,364961
XCCY_Swap_EUR_USD,2016-09-06,0.584699,416612,12129195,0,0,3535999,421552,421552
XCCY_Swap_EUR_USD,2016-10-05,0.663934,504102,12344021,0,0,5456472,510876,510876
XCCY_Swap_EUR_USD,2016-11-07,0.754098,670103,12581235,0,0,7699369,680315,680315
XCCY_Swap_EUR_USD,2016-12-05,0.830601,605965,12408003,0,0,6409758,616127,680315
XCCY_Swap_EUR_USD,2017-01-05,0.915330,688099,12615257,0,0,7818351,700806,700806
XCCY_Swap_EUR_USD,2017-02-06,1.003002,848595,11558846,0,0,5330396,865755,865755
XCCY_Swap_EUR_USD,2017-03-06,1.079714,729061,11633352,0,0,5755250,744925,865755
XCCY_Swap_EUR_USD,2017-04-05,1.161906,707423,11607674,0,0,5870662,723984,865755
XCCY_Swap_EUR_USD,2017-05-05,1.244098,799553,11505240,0,0,7085458,819593,865755
XCCY_Swap_EUR_USD,2017-06-06,1.331769,1086555,11764265,0,0,8676924,1115707,1115707
XCCY_Swap_EUR_USD,2017-07-05,1.411221,1016426,11767491,0,0,6981626,1045326,1115707
XCCY_Swap_EUR_USD,2017-08-07,1.501632,1315970,11103812,0,0,8182549,1355792,1355792
XCCY_Swap_EUR_USD,2017-09-05,1.581084,1308965,11210885,0,0,8603953,1350681,1355792
XCCY_Swap_EUR_USD,2017-10-05,1.663276,1679910,11562105,0,0,10712020,1736249,1736249
XCCY_Swap_EUR_USD,2017-11-06,1.750947,1729166,11526158,0,0,12161343,1790237,1790237
XCCY_Swap_EUR_USD,2017-12-05,1.830399,1939287,11702633,0,0,15914483,2010914,2010914
XCCY_Swap_EUR_USD,2018-01-05,1.915330,1859147,11882747,0,0,12055854,1931031,2010914
XCCY_Swap_EUR_USD,2018-02-05,2.000262,2299095,10962036,0,0,14915749,2391976,2391976
XCCY_Swap_EUR_USD,2018-03-05,2.076974,2669846,11238589,0,0,16982190,2781924,2781924
XCCY_Swap_EUR_USD,2018-04-05,2.161906,2439536,11166115,0,0,15952000,2546224,2781924
XCCY_Swap_EUR_USD,2018-05-08,2.252317,2470697,11178494,0,0,15610567,2583369,2781924
XCCY_Swap_EUR_USD,2018-06-05,2.329029,2850201,11468475,0,0,17796748,2984710,2984710
XCCY_Swap_EUR_USD,2018-07-05,2.411221,2835533,11508298,0,0,17803844,2974186,2984710
XCCY_Swap_EUR_USD,2018-08-06,2.498892,3170433,10902115,0,0,18416362,3331241,3331241
XCCY_Swap_EUR_USD,2018-09-05,2.581084,3588303,11170868,0,0,15689468,3776447,3776447
XCCY_Swap_EUR_USD,2018-10-05,2.663276,3580359,11184533,0,0,16038192,3774223,3776447
XCCY_Swap_EUR_USD,2018-11-05,2.748207,3292816,10875844,0,0,16096941,3476953,3776447
XCCY_Swap_EUR_USD,2018-12-05,2.830399,3433194,10953510,0,0,20835500,3631086,3776447
XCCY_Swap_EUR_USD,2019-01-07,2.920810,3466167,11033118,0,0,17610794,3672529,3776447
XCCY_Swap_EUR_USD,2019-02-05,3.000262,4079325,10540350,0,0,20302508,4328998,4328998
XCCY_Swap_EUR_USD,2019-03-05,3.076974,4443343,10771532,0,0,21739270,4722463,4722463
XCCY_Swap_EUR_USD,2019-04-05,3.161906,4411461,10719957,0,0,19898084,4696470,4722463
XCCY_Swap_EUR_USD,2019-05-07,3.249577,4779675,10861807,0,0,23021696,5097314,5097314
XCCY_Swap_EUR_USD,2019-06-05,3.329029,5301539,11089669,0,0,21764758,5662760,5662760
XCCY_Swap_EUR_USD,2019-07-05,3.411221,4979631,10936791,0,0,23339460,5327583,5662760
XCCY_Swap_EUR_USD,2019-08-05,3.496152,5838043,10795366,0,0,27226108,6256490,6256490
XCCY_Swap_EUR_USD,2019-09-05,3.581084,5650606,10846936,0,0,25464678,6065810,6256490
XCCY_Swap_EUR_USD,2019-10-07,3.668755,5633573,10760824,0,0,23841724,6058033,6256490
XCCY_Swap_EUR_USD,2019-11-05,3.748207,5884450,10999408,0,0,24857512,6337776,6337776
XCCY_Swap_EUR_USD,2019-12-05,3.830399,5624342,10932981,0,0,22421872,6067496,6337776
XCCY_Swap_EUR_USD,2020-01-06,3.918033,5497582,10931722,0,0,19321138,5941054,6337776
XCCY_Swap_EUR_USD,2020-02-05,4.000000,5847022,10338196,0,0,22637964,6328973,6337776
XCCY_Swap_EUR_USD,2020-03-05,4.079235,5932405,10271664,0,0,27131988,6431481,6431481
XCCY_Swap_EUR_USD,2020-04-06,4.166667,6350797,10562950,0,0,34508128,6897001,6897001
XCCY_Swap_EUR_USD,2020-05-05,4.245902,7161612,11101331,0,0,35024672,7789762,7789762
XCCY_Swap_EUR_USD,2020-06-05,4.330601,6991020,11052975,0,0,31656444,7616971,7789762
XCCY_Swap_EUR_USD,2020-07-06,4.415301,6988149,11079830,0,0,35846192,7626623,7789762
XCCY_Swap_EUR_USD,2020-08-05,4.497268,7141867,10498127,0,0,36570692,7807046,7807046
XCCY_Swap_EUR_USD,2020-09-08,4.590164,7142608,10736938,0,0,38056912,7822232,7822232
XCCY_Swap_EUR_USD,2020-10-05,4.663934,7427223,10941610,0,0,41672244,8145818,8145818
XCCY_Swap_EUR_USD,2020-11-05,4.748634,7329140,10826916,0,0,35757604,8051738,8145818
XCCY_Swap_EUR_USD,2020-12-07,4.836066,7448387,11019392,0,0,34112860,8196919,8196919
XCCY_Swap_EUR_USD,2021-01-05,4.915330,7392350,10977507,0,0,29797780,8148025,8196919
XCCY_Swap_EUR_USD,2021-02-05,5.000262,7756703,10507852,0,0,30368222,8563974,8563974
XCCY_Swap_EUR_USD,2021-03-05,5.076974,8222670,10698423,0,0,33242514,9092231,9092231
XCCY_Swap_EUR_USD,2021-04-06,5.164646,8232341,10741444,0,0,31766972,9118741,9118741
XCCY_Swap_EUR_USD,2021-05-05,5.244098,8319254,10524665,0,0,31974896,9229521,9229521
XCCY_Swap_EUR_USD,2021-06-07,5.334509,8640221,10666527,0,0,39328560,9602784,9602784
XCCY_Swap_EUR_USD,2021-07-06,5.413961,8626523,10608317,0,0,46245812,9602655,9602784
XCCY_Swap_EUR_USD,2021-08-05,5.496152,8706868,10018025,0,0,43925036,9707878,9707878
XCCY_Swap_EUR_USD,2021-09-07,5.586563,8868943,10163166,0,0,47503204,9906305,9906305
XCCY_Swap_EUR_USD,2021-10-05,5.663276,8709595,10023900,0,0,43155956,9743107,9906305
XCCY_Swap_EUR_USD,2021-11-05,5.748207,9284897,10362155,0,0,46536420,10404159,10404159
XCCY_Swap_EUR_USD,2021-12-06,5.833139,9644720,10672060,0,0,44612404,10825549,10825549
XCCY_Swap_EUR_USD,2022-01-05,5.915330,9802024,10893509,0,0,40015468,11020032,11020032
XCCY_Swap_EUR_USD,2022-02-07,6.005741,10022580,10410576,0,0,46382720,11288185,11288185
XCCY_Swap_EUR_USD,2022-03-07,6.082454,9880824,10316635,0,0,48790624,11145446,11288185
XCCY_Swap_EUR_USD,2022-04-05,6.161906,9566364,10050531,0,0,44641844,10807730,11288185
XCCY_Swap_EUR_USD,2022-05-05,6.244098,9356151,10080096,0,0,42651988,10587456,11288185
XCCY_Swap_EUR_USD,2022-06-07,6.334509,9513547,9964707,0,0,42973536,10784856,11288185
XCCY_Swap_EUR_USD,2022-07-05,6.411221,10506716,10468596,0,0,56858676,11928849,11928849
XCCY_Swap_EUR_USD,2022-08-05,6.496152,10520868,10099715,0,0,58043956,11965023,11965023
XCCY_Swap_EUR_USD,2022-09-06,6.583824,10694859,10139269,0,0,48960228,12184029,12184029
XCCY_Swap_EUR_USD,2022-10-05,6.663276,11533421,10641698,0,0,61387172,13160042,13160042
XCCY_Swap_EUR_USD,2022-11-07,6.753687,11858979,10790787,0,0,63875252,13555762,13555762
XCCY_Swap_EUR_USD,2022-12-05,6.830399,11897872,10806109,0,0,66905472,13620894,13620894
XCCY_Swap_EUR_USD,2023-01-05,6.915330,11912594,10787324,0,0,67781984,13660703,13660703
XCCY_Swap_EUR_USD,2023-02-06,7.003002,12083395,10527837,0,0,69005032,13880643,13880643
XCCY_Swap_EUR_USD,2023-03-06,7.079714,12122519,10662393,0,0,70199280,13946738,13946738
XCCY_Swap_EUR_USD,2023-04-05,7.161906,11704082,10471306,0,0,71662040,13487247,13946738
XCCY_Swap_EUR_USD,2023-05-05,7.244098,11411081,10367215,0,0,60718356,13171005,13946738
XCCY_Swap_EUR_USD,2023-06-05,7.329029,11169650,10320824,0,0,63358768,12914018,13946738
XCCY_Swap_EUR_USD,2023-07-05,7.411221,10896575,10316444,0,0,59572580,12618798,13946738
XCCY_Swap_EUR_USD,2023-08-07,7.501632,11001170,10027713,0,0,54035032,12762732,13946738
XCCY_Swap_EUR_USD,2023-09-05,7.581084,10934778,10078922,0,0,55198408,12705664,13946738
XCCY_Swap_EUR_USD,2023-10-05,7.663276,10642077,9937957,0,0,56697740,12385684,13946738
XCCY_Swap_EUR_USD,2023-11-06,7.750947,10208585,9732142,0,0,55442388,11901793,13946738
XCCY_Swap_EUR_USD,2023-12-05,7.830399,9749010,9546038,0,0,51292336,11383870,13946738
XCCY_Swap_EUR_USD,2024-01-05,7.915301,9754910,9616819,0,0,53468004,11409916,13946738
XCCY_Swap_EUR_USD,2024-02-05,8.000000,10066184,9464732,0,0,55698028,11793799,13946738
XCCY_Swap_EUR_USD,2024-03-05,8.079235,10708895,9728821,0,0,55444928,12566553,13946738
XCCY_Swap_EUR_USD,2024-04-05,8.163934,11220991,9973732,0,0,57684756,13189624,13946738
XCCY_Swap_EUR_USD,2024-05-07,8.251366,10580179,9892888,0,0,54435560,12457975,13946738
XCCY_Swap_EUR_USD,2024-06-05,8.330601,10783112,10025153,0,0,58334036,12716898,13946738
XCCY_Swap_EUR_USD,2024-07-05,8.412568,11028025,10087545,0,0,65436464,13026897,13946738
XCCY_Swap_EUR_USD,2024-08-05,8.497268,11198948,9789579,0,0,63302184,13251046,13946738
XCCY_Swap_EUR_USD,2024-09-05,8.581967,11411041,10052030,0,0,66285692,13524709,13946738
XCCY_Swap_EUR_USD,2024-10-07,8.669399,11533644,10029443,0,0,67306392,13693751,13946738
XCCY_Swap_EUR_USD,2024-11-05,8.748634,11714902,10168694,0,0,65075512,13930836,13946738
XCCY_Swap_EUR_USD,2024-12-05,8.830601,11628099,10321673,0,0,58795080,13850116,13946738
XCCY_Swap_EUR_USD,2025-01-06,8.918070,11569344,10370757,0,0,59497256,13804055,13946738
XCCY_Swap_EUR_USD,2025-02-05,9.000262,12071335,10058633,0,0,57267048,14426448,14426448
XCCY_Swap_EUR_USD,2025-03-05,9.076974,12070829,9873277,0,0,59256508,14447753,14447753
XCCY_Swap_EUR_USD,2025-04-07,9.167385,12030884,9706868,0,0,61937844,14425721,14447753
XCCY_Swap_EUR_USD,2025-05-06,9.246837,11924978,9770290,0,0,59248008,14321226,14447753
XCCY_Swap_EUR_USD,2025-06-05,9.329029,12147257,9942536,0,0,62428396,14611911,14611911
XCCY_Swap_EUR_USD,2025-07-07,9.416700,12217560,10128279,0,0,56397708,14721990,14721990
XCCY_Swap_EUR_USD,2025-08-05,9.496152,12486308,9854162,0,0,59098408,15069495,15069495
XCCY_Swap_EUR_USD,2025-09-05,9.581084,12819276,10168027,0,0,60785788,15497364,15497364
XCCY_Swap_EUR_USD,2025-10-06,9.666015,12954667,10335678,0,0,59641208,15687376,15687376
XCCY_Swap_EUR_USD,2025-11-05,9.748207,13012992,10427520,0,0,66322160,15783648,15783648
XCCY_Swap_EUR_USD,2025-12-05,9.830399,12536315,10470389,0,0,62240792,15230223,15783648
XCCY_Swap_EUR_USD,2026-01-05,9.915330,12942859,10770853,0,0,62369416,15750571,15783648
XCCY_Swap_EUR_USD,2026-02-05,10.000262,0,0,0,0,0,0,15783648
XCCY_Swap_EUR_USD,2026-03-05,10.076974,0,0,0,0,0,0,15783648
