#TradeId,TradeType,Maturity,MaturityTime,NPV,NpvCurrency,NPV(Base),BaseCurrency,Notional,NotionalCurrency,Notional(Base),NettingSet,CounterParty
XCCY_Swap_EUR_USD,Swap,2026-02-05,10.000262,-13875101.295984,USD,-12253508.713381,EUR,100000000.00,USD,88312931.57,CPTY_A,CPTY_A
XCCY_Swap_EUR_USD_RESET,Swap,2026-02-05,10.000262,-14264045.077948,USD,-12596996.369410,EUR,100000000.00,USD,88312931.57,CPTY_A,CPTY_A
