#TradeId,Date,Time,EPE,ENE,AllocatedEPE,AllocatedENE,PFE,BaselEE,BaselEEE
SwaptionPhysical,2016-02-05,0.000000,1156405,0,0,0,1156405,1156405,1156405
SwaptionPhysical,2016-05-06,0.248634,1141941,0,0,0,1562361,1141285,1156405
SwaptionPhysical,2016-08-05,0.497268,1135984,0,0,0,1742247,1134513,1156405
SwaptionPhysical,2016-11-07,0.754098,1138232,0,0,0,2156859,1135598,1156405
SwaptionPhysical,2017-02-06,1.003002,1133716,0,0,0,2285907,1130118,1156405
SwaptionPhysical,2017-05-05,1.244098,1136331,0,0,0,2267041,1131610,1156405
SwaptionPhysical,2017-08-07,1.501632,1152811,0,0,0,2399224,1146998,1156405
SwaptionPhysical,2017-11-06,1.750947,1168180,0,0,0,2586048,1161251,1161251
SwaptionPhysical,2018-02-05,2.000262,1143864,0,0,0,2559355,1135871,1161251
SwaptionPhysical,2018-05-08,2.252317,1124797,0,0,0,2669710,1116226,1161251
SwaptionPhysical,2018-08-06,2.498892,1103941,0,0,0,2959553,1094885,1161251
SwaptionPhysical,2018-11-05,2.748207,1082030,0,0,0,2290723,1072517,1161251
SwaptionPhysical,2019-02-05,3.000262,1109047,0,0,0,2379367,1098637,1161251
SwaptionPhysical,2019-05-07,3.249577,1134588,0,0,0,2803000,1123721,1161251
SwaptionPhysical,2019-08-05,3.496152,1209222,0,0,0,3472689,1197450,1197450
SwaptionPhysical,2019-11-05,3.748207,1179902,0,0,0,3149442,1168226,1197450
SwaptionPhysical,2020-02-05,4.000000,1183929,0,0,0,3894073,1172023,1197450
SwaptionPhysical,2020-05-05,4.245902,1200326,0,0,0,3248611,1188576,1197450
SwaptionPhysical,2020-08-05,4.497268,1211199,0,0,0,3418185,1199714,1199714
SwaptionPhysical,2020-11-05,4.748634,1170663,0,0,0,3537638,1159919,1199714
SwaptionPhysical,2021-02-05,5.000262,1147475,0,0,0,3332413,1137296,1199714
SwaptionPhysical,2021-05-05,5.244098,1185839,0,0,0,4065729,1176648,1199714
SwaptionPhysical,2021-08-05,5.496152,1116142,0,0,0,3481611,1108842,1199714
SwaptionPhysical,2021-11-05,5.748207,1028173,0,0,0,2639790,1022695,1199714
SwaptionPhysical,2022-02-07,6.005741,1061419,0,0,0,2716107,1057080,1199714
SwaptionPhysical,2022-05-05,6.244098,967550,0,0,0,2247191,965339,1199714
SwaptionPhysical,2022-08-05,6.496152,928879,0,0,0,2339934,928554,1199714
SwaptionPhysical,2022-11-07,6.753687,900414,0,0,0,2208596,901882,1199714
SwaptionPhysical,2023-02-06,7.003002,947134,0,0,0,2523968,950498,1199714
SwaptionPhysical,2023-05-05,7.244098,967589,0,0,0,2603394,973358,1199714
SwaptionPhysical,2023-08-07,7.501632,955976,0,0,0,2567060,964172,1199714
SwaptionPhysical,2023-11-06,7.750947,944888,0,0,0,2619734,955382,1199714
SwaptionPhysical,2024-02-05,8.000000,950565,0,0,0,3197368,963536,1199714
SwaptionPhysical,2024-05-07,8.251366,957400,0,0,0,2674880,973394,1199714
SwaptionPhysical,2024-08-05,8.497268,1004215,0,0,0,3048226,1024046,1199714
SwaptionPhysical,2024-11-05,8.748634,973754,0,0,0,3131958,996020,1199714
SwaptionPhysical,2025-02-05,9.000262,932724,0,0,0,3060126,956970,1199714
SwaptionPhysical,2025-05-06,9.246837,947314,0,0,0,2627545,975329,1199714
SwaptionPhysical,2025-08-05,9.496152,946696,0,0,0,3006875,978165,1199714
SwaptionPhysical,2025-11-05,9.748207,954038,0,0,0,2758555,989303,1199714
SwaptionPhysical,2026-02-05,10.000262,936783,0,0,0,2945757,974910,1199714
SwaptionPhysical,2026-05-05,10.244098,981071,0,0,0,2445588,1024582,1199714
SwaptionPhysical,2026-08-05,10.496152,1069214,0,0,0,3473739,1120687,1199714
SwaptionPhysical,2026-11-05,10.748207,1012885,5418,0,0,3495310,1065498,1199714
SwaptionPhysical,2027-02-05,11.000262,1038504,11422,0,0,4887864,1096412,1199714
SwaptionPhysical,2027-05-05,11.244098,962503,18232,0,0,4250794,1019740,1199714
SwaptionPhysical,2027-08-05,11.496152,921197,18941,0,0,6216183,979519,1199714
SwaptionPhysical,2027-11-05,11.748207,902550,20741,0,0,5174501,963174,1199714
SwaptionPhysical,2028-02-07,12.005464,919258,14447,0,0,5271203,984642,1199714
SwaptionPhysical,2028-05-05,12.245902,744578,19872,0,0,4321931,800503,1199714
SwaptionPhysical,2028-08-07,12.502732,722469,8329,0,0,3300931,779826,1199714
SwaptionPhysical,2028-11-06,12.751366,757013,8985,0,0,2885093,820262,1199714
SwaptionPhysical,2029-02-05,13.000262,752104,9203,0,0,3161966,818084,1199714
SwaptionPhysical,2029-05-08,13.252317,665554,16779,0,0,3062017,726761,1199714
SwaptionPhysical,2029-08-06,13.498892,639775,10171,0,0,3262733,701274,1199714
SwaptionPhysical,2029-11-05,13.748207,651561,4493,0,0,2431606,716946,1199714
SwaptionPhysical,2030-02-05,14.000262,658045,539,0,0,2582554,726903,1199714
SwaptionPhysical,2030-05-07,14.249577,578736,8545,0,0,2666053,641759,1199714
SwaptionPhysical,2030-08-05,14.496152,622644,5340,0,0,3085163,693080,1199714
SwaptionPhysical,2030-11-05,14.748207,680650,10275,0,0,3431509,760600,1199714
SwaptionPhysical,2031-02-05,15.000262,762872,6711,0,0,4698492,855802,1199714
SwaptionPhysical,2031-05-06,15.246837,710076,26266,0,0,4353510,799389,1199714
SwaptionPhysical,2031-08-05,15.496152,708029,17465,0,0,3136661,799916,1199714
SwaptionPhysical,2031-11-05,15.748207,624344,14859,0,0,3516513,707905,1199714
SwaptionPhysical,2032-02-05,16.000000,587872,27761,0,0,3233244,668945,1199714
SwaptionPhysical,2032-05-05,16.245902,563165,43474,0,0,3667080,643082,1199714
SwaptionPhysical,2032-08-05,16.497268,393147,42263,0,0,3495986,450550,1199714
SwaptionPhysical,2032-11-05,16.748634,361597,36156,0,0,2922888,415881,1199714
SwaptionPhysical,2033-02-07,17.005741,379152,35667,0,0,2667560,437672,1199714
SwaptionPhysical,2033-05-05,17.244098,292545,51920,0,0,2227819,338845,1199714
SwaptionPhysical,2033-08-05,17.496152,229253,46375,0,0,2076923,266490,1199714
SwaptionPhysical,2033-11-07,17.753687,219698,37613,0,0,2271702,256321,1199714
SwaptionPhysical,2034-02-06,18.003002,242336,34425,0,0,1690233,283736,1199714
SwaptionPhysical,2034-05-05,18.244098,177979,53150,0,0,1302010,209100,1199714
SwaptionPhysical,2034-08-07,18.501632,146372,35397,0,0,1046976,172598,1199714
SwaptionPhysical,2034-11-06,18.750947,138430,22603,0,0,925838,163813,1199714
SwaptionPhysical,2035-02-05,19.000262,131283,13674,0,0,849466,155907,1199714
SwaptionPhysical,2035-05-08,19.252317,78734,29285,0,0,683877,93838,1199714
SwaptionPhysical,2035-08-06,19.498892,67033,14394,0,0,469497,80172,1199714
SwaptionPhysical,2035-11-05,19.748207,65663,2801,0,0,287657,78813,1199714
SwaptionPhysical,2036-02-05,20.000000,78467,0,0,0,318875,94520,1199714
SwaptionPhysical,2036-05-06,20.248634,0,0,0,0,0,0,1199714
SwaptionPhysical,2036-08-05,20.497268,0,0,0,0,0,0,1199714
SwaptionPhysical,2036-11-05,20.748634,0,0,0,0,0,0,1199714
SwaptionPhysical,2037-02-05,21.000262,0,0,0,0,0,0,1199714
SwaptionPhysical,2037-05-05,21.244098,0,0,0,0,0,0,1199714
SwaptionPhysical,2037-08-05,21.496152,0,0,0,0,0,0,1199714
SwaptionPhysical,2037-11-05,21.748207,0,0,0,0,0,0,1199714
SwaptionPhysical,2038-02-05,22.000262,0,0,0,0,0,0,1199714
SwaptionPhysical,2038-05-05,22.244098,0,0,0,0,0,0,1199714
SwaptionPhysical,2038-08-05,22.496152,0,0,0,0,0,0,1199714
SwaptionPhysical,2038-11-05,22.748207,0,0,0,0,0,0,1199714
SwaptionPhysical,2039-02-07,23.005741,0,0,0,0,0,0,1199714
