#TradeId,NettingSetId,CVA,DVA,FBA,FCA,FBAexOwnSP,FCAexOwnSP,FBAexAllSP,FCAexAllSP,COLVA,MVA,OurKVACCR,TheirKVACCR,OurKVACVA,TheirKVACVA,CollateralFloor,AllocatedCVA,AllocatedDVA,AllocationMethod,BaselEPE,BaselEEPE
,CPTY_A,720799.93,36485.58,17150.02,-114154.29,18803.25,-120276.42,19869.27,-124146.15,0.00,0.00,0.00,0.00,0.00,0.00,0.00,720799.93,36485.58,None,25656417.04,29884355.35
EqCall_SP5,CPTY_A,1838.75,0.00,0.00,-302.67,0.00,-306.54,0.00,-308.86,#N/A,#N/A,#N/A,#N/A,#N/A,#N/A,#N/A,0.00,0.00,None,177831.38,179760.03
EqPut_SP5,CPTY_A,0.00,3635.55,1782.37,0.00,1804.99,0.00,1818.55,0.00,#N/A,#N/A,#N/A,#N/A,#N/A,#N/A,#N/A,0.00,0.00,None,0.00,0.00
EqFwd_SP5,CPTY_A,1444.62,1877.71,919.24,-237.24,933.94,-240.83,942.78,-242.99,#N/A,#N/A,#N/A,#N/A,#N/A,#N/A,#N/A,0.00,0.00,None,84802.52,84802.52
EqCall_Luft,CPTY_A,22.29,0.00,0.00,-3.66,0.00,-3.72,0.00,-3.75,#N/A,#N/A,#N/A,#N/A,#N/A,#N/A,#N/A,0.00,0.00,None,1890.52,1907.03
EqPut_Luft,CPTY_A,16.95,0.00,0.00,-2.78,0.00,-2.83,0.00,-2.85,#N/A,#N/A,#N/A,#N/A,#N/A,#N/A,#N/A,0.00,0.00,None,1466.20,1475.35
EqForwardTrade_Luft,CPTY_A,16.36,18.47,9.03,-2.68,9.19,-2.73,9.29,-2.76,#N/A,#N/A,#N/A,#N/A,#N/A,#N/A,#N/A,0.00,0.00,None,876.24,876.24
EquitySwap_1,CPTY_A,541419.62,6946.72,3237.25,-85884.88,3605.96,-90339.42,3845.82,-93150.83,#N/A,#N/A,#N/A,#N/A,#N/A,#N/A,#N/A,0.00,0.00,None,19730682.05,22135600.00
EquitySwap_2,CPTY_A,191564.71,49637.83,23518.17,-30181.73,25409.18,-31970.41,26617.90,-33105.13,#N/A,#N/A,#N/A,#N/A,#N/A,#N/A,#N/A,0.00,0.00,None,6009066.31,7745009.50
