#TradeId,Type,CashflowNo,LegNo,PayDate,FlowType,Amount,Currency,Coupon,Accrual,AccrualStartDate,AccrualEndDate,AccruedAmount,fixingDate,fixingValue,Notional,DiscountFactor,PresentValue,FloorStrike,CapStrike,FloorVolatility,CapVolatility
CDS,CreditDefaultSwap,1,0,2016-03-21,Interest,-25277.7778,USD,0.0100000000,0.2527777778,2015-12-21,2016-03-21,-12777.7778,#N/A,#N/A,10000000.0000,0.9989553870,-25251.3722822456,#N/A,#N/A,#N/A,#N/A
CDS,CreditDefaultSwap,2,0,2016-06-20,Interest,-25277.7778,USD,0.0100000000,0.2527777778,2016-03-21,2016-06-20,0.0000,#N/A,#N/A,10000000.0000,0.9966747769,-25193.7235272524,#N/A,#N/A,#N/A,#N/A
CDS,CreditDefaultSwap,3,0,2016-09-20,Interest,-25555.5556,USD,0.0100000000,0.2555555556,2016-06-20,2016-09-20,0.0000,#N/A,#N/A,10000000.0000,0.9942196240,-25407.8348345902,#N/A,#N/A,#N/A,#N/A
CDS,CreditDefaultSwap,4,0,2016-12-20,Interest,-25277.7778,USD,0.0100000000,0.2527777778,2016-09-20,2016-12-20,0.0000,#N/A,#N/A,10000000.0000,0.9915961140,-25065.3462138042,#N/A,#N/A,#N/A,#N/A
CDS,CreditDefaultSwap,5,0,2017-03-20,Interest,-25000.0000,USD,0.0100000000,0.2500000000,2016-12-20,2017-03-20,0.0000,#N/A,#N/A,10000000.0000,0.9882036953,-24705.0923824141,#N/A,#N/A,#N/A,#N/A
CDS,CreditDefaultSwap,6,0,2017-06-20,Interest,-25555.5556,USD,0.0100000000,0.2555555556,2017-03-20,2017-06-20,0.0000,#N/A,#N/A,10000000.0000,0.9840875037,-25148.9028731505,#N/A,#N/A,#N/A,#N/A
CDS,CreditDefaultSwap,7,0,2017-09-20,Interest,-25555.5556,USD,0.0100000000,0.2555555556,2017-06-20,2017-09-20,0.0000,#N/A,#N/A,10000000.0000,0.9799884575,-25044.1494682006,#N/A,#N/A,#N/A,#N/A
CDS,CreditDefaultSwap,8,0,2017-12-20,Interest,-25277.7778,USD,0.0100000000,0.2527777778,2017-09-20,2017-12-20,0.0000,#N/A,#N/A,10000000.0000,0.9759507628,-24669.8665034500,#N/A,#N/A,#N/A,#N/A
CDS,CreditDefaultSwap,9,0,2018-03-20,Interest,-25000.0000,USD,0.0100000000,0.2500000000,2017-12-20,2018-03-20,0.0000,#N/A,#N/A,10000000.0000,0.9718583485,-24296.4587128667,#N/A,#N/A,#N/A,#N/A
CDS,CreditDefaultSwap,10,0,2018-06-20,Interest,-25555.5556,USD,0.0100000000,0.2555555556,2018-03-20,2018-06-20,0.0000,#N/A,#N/A,10000000.0000,0.9675390791,-24725.9986870746,#N/A,#N/A,#N/A,#N/A
CDS,CreditDefaultSwap,11,0,2018-09-20,Interest,-25555.5556,USD,0.0100000000,0.2555555556,2018-06-20,2018-09-20,0.0000,#N/A,#N/A,10000000.0000,0.9632390059,-24616.1079287726,#N/A,#N/A,#N/A,#N/A
CDS,CreditDefaultSwap,12,0,2018-12-20,Interest,-25277.7778,USD,0.0100000000,0.2527777778,2018-09-20,2018-12-20,0.0000,#N/A,#N/A,10000000.0000,0.9590044735,-24241.5019693380,#N/A,#N/A,#N/A,#N/A
CDS,CreditDefaultSwap,13,0,2019-03-20,Interest,-25000.0000,USD,0.0100000000,0.2500000000,2018-12-20,2019-03-20,0.0000,#N/A,#N/A,10000000.0000,0.9545754007,-23864.3850186399,#N/A,#N/A,#N/A,#N/A
CDS,CreditDefaultSwap,14,0,2019-06-20,Interest,-25555.5556,USD,0.0100000000,0.2555555556,2019-03-20,2019-06-20,0.0000,#N/A,#N/A,10000000.0000,0.9496911586,-24269.8851634130,#N/A,#N/A,#N/A,#N/A
CDS,CreditDefaultSwap,15,0,2019-09-20,Interest,-25555.5556,USD,0.0100000000,0.2555555556,2019-06-20,2019-09-20,0.0000,#N/A,#N/A,10000000.0000,0.9448319074,-24145.7043007371,#N/A,#N/A,#N/A,#N/A
CDS,CreditDefaultSwap,16,0,2019-12-20,Interest,-25277.7778,USD,0.0100000000,0.2527777778,2019-09-20,2019-12-20,0.0000,#N/A,#N/A,10000000.0000,0.9400499339,-23762.3733297146,#N/A,#N/A,#N/A,#N/A
CDS,CreditDefaultSwap,17,0,2020-03-20,Interest,-25277.7778,USD,0.0100000000,0.2527777778,2019-12-20,2020-03-20,0.0000,#N/A,#N/A,10000000.0000,0.9352048058,-23639.8992588272,#N/A,#N/A,#N/A,#N/A
CDS,CreditDefaultSwap,18,0,2020-06-22,Interest,-26111.1111,USD,0.0100000000,0.2611111111,2020-03-20,2020-06-22,0.0000,#N/A,#N/A,10000000.0000,0.9301065055,-24286.1143092432,#N/A,#N/A,#N/A,#N/A
CDS,CreditDefaultSwap,19,0,2020-09-21,Interest,-25277.7778,USD,0.0100000000,0.2527777778,2020-06-22,2020-09-21,0.0000,#N/A,#N/A,10000000.0000,0.9251973955,-23386.9341639474,#N/A,#N/A,#N/A,#N/A
CDS,CreditDefaultSwap,20,0,2020-12-21,Interest,-25277.7778,USD,0.0100000000,0.2527777778,2020-09-21,2020-12-21,0.0000,#N/A,#N/A,10000000.0000,0.9203141959,-23263.4977286076,#N/A,#N/A,#N/A,#N/A
CDS,CreditDefaultSwap,21,0,2021-03-22,Interest,-25277.7778,USD,0.0100000000,0.2527777778,2020-12-21,2021-03-22,0.0000,#N/A,#N/A,10000000.0000,0.9150324573,-23129.9871148643,#N/A,#N/A,#N/A,#N/A
CDS,CreditDefaultSwap,22,0,2021-06-21,Interest,-25277.7778,USD,0.0100000000,0.2527777778,2021-03-22,2021-06-21,0.0000,#N/A,#N/A,10000000.0000,0.9092668110,-22984.2443893432,#N/A,#N/A,#N/A,#N/A
CDS,CreditDefaultSwap,23,0,2021-09-20,Interest,-25277.7778,USD,0.0100000000,0.2527777778,2021-06-21,2021-09-20,0.0000,#N/A,#N/A,10000000.0000,0.9035374942,-22839.4199929996,#N/A,#N/A,#N/A,#N/A
CDS,CreditDefaultSwap,24,0,2021-12-20,Interest,-25277.7778,USD,0.0100000000,0.2527777778,2021-09-20,2021-12-20,0.0000,#N/A,#N/A,10000000.0000,0.8978442780,-22695.5081394144,#N/A,#N/A,#N/A,#N/A
CDS,CreditDefaultSwap,25,0,2022-03-21,Interest,-25277.7778,USD,0.0100000000,0.2527777778,2021-12-20,2022-03-21,0.0000,#N/A,#N/A,10000000.0000,0.8921869350,-22552.5030786290,#N/A,#N/A,#N/A,#N/A
CDS,CreditDefaultSwap,26,0,2022-06-21,Interest,-25555.5556,USD,0.0100000000,0.2555555556,2022-03-21,2022-06-21,0.0000,#N/A,#N/A,10000000.0000,0.8865036593,-22655.0935153879,#N/A,#N/A,#N/A,#N/A
CDS,CreditDefaultSwap,27,0,2022-09-20,Interest,-25277.7778,USD,0.0100000000,0.2527777778,2022-06-21,2022-09-20,0.0000,#N/A,#N/A,10000000.0000,0.8809177738,-22267.6437267170,#N/A,#N/A,#N/A,#N/A
CDS,CreditDefaultSwap,28,0,2022-12-20,Interest,-25277.7778,USD,0.0100000000,0.2527777778,2022-09-20,2022-12-20,0.0000,#N/A,#N/A,10000000.0000,0.8753670851,-22127.3346521140,#N/A,#N/A,#N/A,#N/A
CDS,CreditDefaultSwap,29,0,2023-03-20,Interest,-25000.0000,USD,0.0100000000,0.2500000000,2022-12-20,2023-03-20,0.0000,#N/A,#N/A,10000000.0000,0.8697752925,-21744.3823130508,#N/A,#N/A,#N/A,#N/A
CDS,CreditDefaultSwap,30,0,2023-06-20,Interest,-25555.5556,USD,0.0100000000,0.2555555556,2023-03-20,2023-06-20,0.0000,#N/A,#N/A,10000000.0000,0.8639149110,-22077.8255025197,#N/A,#N/A,#N/A,#N/A
CDS,CreditDefaultSwap,31,0,2023-09-20,Interest,-25555.5556,USD,0.0100000000,0.2555555556,2023-06-20,2023-09-20,0.0000,#N/A,#N/A,10000000.0000,0.8580940156,-21929.0692864741,#N/A,#N/A,#N/A,#N/A
CDS,CreditDefaultSwap,32,0,2023-12-20,Interest,-25277.7778,USD,0.0100000000,0.2527777778,2023-09-20,2023-12-20,0.0000,#N/A,#N/A,10000000.0000,0.8523749746,-21546.1451924162,#N/A,#N/A,#N/A,#N/A
CDS,CreditDefaultSwap,33,0,2024-03-20,Interest,-25277.7778,USD,0.0100000000,0.2527777778,2023-12-20,2024-03-20,0.0000,#N/A,#N/A,10000000.0000,0.8466940501,-21402.5440442555,#N/A,#N/A,#N/A,#N/A
CDS,CreditDefaultSwap,34,0,2024-06-20,Interest,-25555.5556,USD,0.0100000000,0.2555555556,2024-03-20,2024-06-20,0.0000,#N/A,#N/A,10000000.0000,0.8409891856,-21491.9458541755,#N/A,#N/A,#N/A,#N/A
CDS,CreditDefaultSwap,35,0,2024-09-20,Interest,-25555.5556,USD,0.0100000000,0.2555555556,2024-06-20,2024-09-20,0.0000,#N/A,#N/A,10000000.0000,0.8353227594,-21347.1371844829,#N/A,#N/A,#N/A,#N/A
CDS,CreditDefaultSwap,36,0,2024-12-20,Interest,-25277.7778,USD,0.0100000000,0.2527777778,2024-09-20,2024-12-20,0.0000,#N/A,#N/A,10000000.0000,0.8297554848,-20974.3747539251,#N/A,#N/A,#N/A,#N/A
CDS,CreditDefaultSwap,37,0,2025-03-20,Interest,-25000.0000,USD,0.0100000000,0.2500000000,2024-12-20,2025-03-20,0.0000,#N/A,#N/A,10000000.0000,0.8242858854,-20607.1471344945,#N/A,#N/A,#N/A,#N/A
CDS,CreditDefaultSwap,38,0,2025-06-20,Interest,-25555.5556,USD,0.0100000000,0.2555555556,2025-03-20,2025-06-20,0.0000,#N/A,#N/A,10000000.0000,0.8187320029,-20923.1511840673,#N/A,#N/A,#N/A,#N/A
CDS,CreditDefaultSwap,39,0,2025-09-22,Interest,-26111.1111,USD,0.0100000000,0.2611111111,2025-06-20,2025-09-22,0.0000,#N/A,#N/A,10000000.0000,0.8130960320,-21230.8408346829,#N/A,#N/A,#N/A,#N/A
CDS,CreditDefaultSwap,40,0,2025-12-22,Interest,-25277.7778,USD,0.0100000000,0.2527777778,2025-09-22,2025-12-22,0.0000,#N/A,#N/A,10000000.0000,0.8076768944,-20416.2770541456,#N/A,#N/A,#N/A,#N/A
CDS,CreditDefaultSwap,41,0,2026-03-20,Interest,-24722.2222,USD,0.0100000000,0.2472222222,2025-12-22,2026-03-20,0.0000,#N/A,#N/A,10000000.0000,0.8024039801,-19837.2095077282,#N/A,#N/A,#N/A,#N/A
