#TradeId,Type,CashflowNo,LegNo,PayDate,FlowType,Amount,Currency,Coupon,Accrual,AccrualStartDate,AccrualEndDate,AccruedAmount,fixingDate,fixingValue,Notional,DiscountFactor,PresentValue,FXRate(Local-Base),PresentValue(Base),BaseCurrency,FloorStrike,CapStrike,FloorVolatility,CapVolatility,EffectiveFloorVolatility,EffectiveCapVolatility
BGS1,BalanceGuaranteedSwap,3,0,2016-06-29,Interest,2033.3333,EUR,0.0040000000,0.5083333333,2015-12-29,2016-06-29,422.2222,#N/A,#N/A,1000000.0000,1.0010376893,2035.4433016706,1.0000000000,2035.4433016706,EUR,#N/A,#N/A,#N/A,#N/A,#N/A,#N/A
BGS1,BalanceGuaranteedSwap,4,0,2016-12-29,Interest,2033.3333,EUR,0.0040000000,0.5083333333,2016-06-29,2016-12-29,0.0000,#N/A,#N/A,1000000.0000,1.0028401304,2039.1082651384,1.0000000000,2039.1082651384,EUR,#N/A,#N/A,#N/A,#N/A,#N/A,#N/A
BGS1,BalanceGuaranteedSwap,5,0,2017-06-29,Interest,1820.0000,EUR,0.0040000000,0.5055555556,2016-12-29,2017-06-29,0.0000,#N/A,#N/A,900000.0000,1.0047001706,1828.5543104678,1.0000000000,1828.5543104678,EUR,#N/A,#N/A,#N/A,#N/A,#N/A,#N/A
BGS1,BalanceGuaranteedSwap,6,0,2017-12-29,Interest,1830.0000,EUR,0.0040000000,0.5083333333,2017-06-29,2017-12-29,0.0000,#N/A,#N/A,900000.0000,1.0065865739,1842.0534301834,1.0000000000,1842.0534301834,EUR,#N/A,#N/A,#N/A,#N/A,#N/A,#N/A
BGS1,BalanceGuaranteedSwap,7,0,2018-06-29,Interest,1617.7778,EUR,0.0040000000,0.5055555556,2017-12-29,2018-06-29,0.0000,#N/A,#N/A,800000.0000,1.0080207809,1630.7536189415,1.0000000000,1630.7536189415,EUR,#N/A,#N/A,#N/A,#N/A,#N/A,#N/A
BGS1,BalanceGuaranteedSwap,8,0,2018-12-31,Interest,1644.4444,EUR,0.0040000000,0.5138888889,2018-06-29,2018-12-31,0.0000,#N/A,#N/A,800000.0000,1.0092381082,1659.6360002179,1.0000000000,1659.6360002179,EUR,#N/A,#N/A,#N/A,#N/A,#N/A,#N/A
BGS1,BalanceGuaranteedSwap,9,0,2019-06-28,Interest,1392.2222,EUR,0.0040000000,0.4972222222,2018-12-31,2019-06-28,0.0000,#N/A,#N/A,700000.0000,1.0097634245,1405.8150787452,1.0000000000,1405.8150787452,EUR,#N/A,#N/A,#N/A,#N/A,#N/A,#N/A
BGS1,BalanceGuaranteedSwap,10,0,2019-12-30,Interest,1438.8889,EUR,0.0040000000,0.5138888889,2019-06-28,2019-12-30,0.0000,#N/A,#N/A,700000.0000,1.0100929257,1453.4114875855,1.0000000000,1453.4114875855,EUR,#N/A,#N/A,#N/A,#N/A,#N/A,#N/A
BGS1,BalanceGuaranteedSwap,11,0,2020-06-29,Interest,1213.3333,EUR,0.0040000000,0.5055555556,2019-12-30,2020-06-29,0.0000,#N/A,#N/A,600000.0000,1.0096987951,1225.1012047579,1.0000000000,1225.1012047579,EUR,#N/A,#N/A,#N/A,#N/A,#N/A,#N/A
BGS1,BalanceGuaranteedSwap,12,0,2020-12-29,Interest,1220.0000,EUR,0.0040000000,0.5083333333,2020-06-29,2020-12-29,0.0000,#N/A,#N/A,600000.0000,1.0090793879,1231.0768532347,1.0000000000,1231.0768532347,EUR,#N/A,#N/A,#N/A,#N/A,#N/A,#N/A
BGS1,BalanceGuaranteedSwap,13,0,2021-06-29,Interest,1011.1111,EUR,0.0040000000,0.5055555556,2020-12-29,2021-06-29,0.0000,#N/A,#N/A,500000.0000,1.0070769085,1018.2666519779,1.0000000000,1018.2666519779,EUR,#N/A,#N/A,#N/A,#N/A,#N/A,#N/A
BGS1,BalanceGuaranteedSwap,14,0,2021-12-29,Interest,1016.6667,EUR,0.0040000000,0.5083333333,2021-06-29,2021-12-29,0.0000,#N/A,#N/A,500000.0000,1.0046373044,1021.3812594965,1.0000000000,1021.3812594965,EUR,#N/A,#N/A,#N/A,#N/A,#N/A,#N/A
BGS1,BalanceGuaranteedSwap,15,0,2022-06-29,Interest,808.8889,EUR,0.0040000000,0.5055555556,2021-12-29,2022-06-29,0.0000,#N/A,#N/A,400000.0000,1.0011302119,809.8031047760,1.0000000000,809.8031047760,EUR,#N/A,#N/A,#N/A,#N/A,#N/A,#N/A
BGS1,BalanceGuaranteedSwap,16,0,2022-12-29,Interest,813.3333,EUR,0.0040000000,0.5083333333,2022-06-29,2022-12-29,0.0000,#N/A,#N/A,400000.0000,0.9972796050,811.1207453960,1.0000000000,811.1207453960,EUR,#N/A,#N/A,#N/A,#N/A,#N/A,#N/A
BGS1,BalanceGuaranteedSwap,17,0,2023-06-29,Interest,606.6667,EUR,0.0040000000,0.5055555556,2022-12-29,2023-06-29,0.0000,#N/A,#N/A,300000.0000,0.9925664312,602.1569682711,1.0000000000,602.1569682711,EUR,#N/A,#N/A,#N/A,#N/A,#N/A,#N/A
BGS1,BalanceGuaranteedSwap,18,0,2023-12-29,Interest,610.0000,EUR,0.0040000000,0.5083333333,2023-06-29,2023-12-29,0.0000,#N/A,#N/A,300000.0000,0.9875718943,602.4188555234,1.0000000000,602.4188555234,EUR,#N/A,#N/A,#N/A,#N/A,#N/A,#N/A
BGS1,BalanceGuaranteedSwap,19,0,2024-06-28,Interest,404.4444,EUR,0.0040000000,0.5055555556,2023-12-29,2024-06-28,0.0000,#N/A,#N/A,200000.0000,0.9818726489,397.1129380137,1.0000000000,397.1129380137,EUR,#N/A,#N/A,#N/A,#N/A,#N/A,#N/A
BGS1,BalanceGuaranteedSwap,20,0,2024-12-30,Interest,411.1111,EUR,0.0040000000,0.5138888889,2024-06-28,2024-12-30,0.0000,#N/A,#N/A,200000.0000,0.9758620541,401.1877333579,1.0000000000,401.1877333579,EUR,#N/A,#N/A,#N/A,#N/A,#N/A,#N/A
BGS1,BalanceGuaranteedSwap,21,0,2025-06-30,Interest,202.2222,EUR,0.0040000000,0.5055555556,2024-12-30,2025-06-30,0.0000,#N/A,#N/A,100000.0000,0.9691905627,195.9918693509,1.0000000000,195.9918693509,EUR,#N/A,#N/A,#N/A,#N/A,#N/A,#N/A
BGS1,BalanceGuaranteedSwap,22,0,2025-12-29,Interest,202.2222,EUR,0.0040000000,0.5055555556,2025-06-30,2025-12-29,0.0000,#N/A,#N/A,100000.0000,0.9623207820,194.6026470234,1.0000000000,194.6026470234,EUR,#N/A,#N/A,#N/A,#N/A,#N/A,#N/A
BGS1,BalanceGuaranteedSwap,23,0,2026-06-29,Interest,0.0000,EUR,0.0040000000,0.5055555556,2025-12-29,2026-06-29,0.0000,#N/A,#N/A,0.0000,0.9554615822,0.0000000000,1.0000000000,0.0000000000,EUR,#N/A,#N/A,#N/A,#N/A,#N/A,#N/A
BGS1,BalanceGuaranteedSwap,24,0,2026-12-29,Interest,0.0000,EUR,0.0040000000,0.5083333333,2026-06-29,2026-12-29,0.0000,#N/A,#N/A,0.0000,0.9486022185,0.0000000000,1.0000000000,0.0000000000,EUR,#N/A,#N/A,#N/A,#N/A,#N/A,#N/A
BGS1,BalanceGuaranteedSwap,25,0,2027-06-29,Interest,0.0000,EUR,0.0040000000,0.5055555556,2026-12-29,2027-06-29,0.0000,#N/A,#N/A,0.0000,0.9418291794,0.0000000000,1.0000000000,0.0000000000,EUR,#N/A,#N/A,#N/A,#N/A,#N/A,#N/A
BGS1,BalanceGuaranteedSwap,26,0,2027-12-29,Interest,0.0000,EUR,0.0040000000,0.5083333333,2027-06-29,2027-12-29,0.0000,#N/A,#N/A,0.0000,0.9350676842,0.0000000000,1.0000000000,0.0000000000,EUR,#N/A,#N/A,#N/A,#N/A,#N/A,#N/A
BGS1,BalanceGuaranteedSwap,27,0,2028-06-29,Interest,0.0000,EUR,0.0040000000,0.5083333333,2027-12-29,2028-06-29,0.0000,#N/A,#N/A,0.0000,0.9279777334,0.0000000000,1.0000000000,0.0000000000,EUR,#N/A,#N/A,#N/A,#N/A,#N/A,#N/A
BGS1,BalanceGuaranteedSwap,28,0,2028-12-29,Interest,0.0000,EUR,0.0040000000,0.5083333333,2028-06-29,2028-12-29,0.0000,#N/A,#N/A,0.0000,0.9208266572,0.0000000000,1.0000000000,0.0000000000,EUR,#N/A,#N/A,#N/A,#N/A,#N/A,#N/A
BGS1,BalanceGuaranteedSwap,3,1,2016-06-29,Interest,-2846.6667,EUR,0.0056000000,0.5083333333,2015-12-29,2016-06-29,-591.1111,2015-12-24,0.0006000000,1000000.0000,1.0010376893,-2849.6206223388,1.0000000000,-2849.6206223388,EUR,-0.005000,#N/A,#N/A,#N/A,#N/A,#N/A
BGS1,BalanceGuaranteedSwap,4,1,2016-12-29,InterestProjected,-2298.4503,EUR,0.0045215417,0.5083333333,2016-06-29,2016-12-29,0.0000,2016-06-27,-0.0004821981,1000000.0000,1.0028401304,-2304.9782397119,1.0000000000,-2304.9782397119,EUR,-0.005000,#N/A,0.002898,#N/A,#N/A,#N/A
BGS1,BalanceGuaranteedSwap,5,1,2017-06-29,InterestProjected,-2015.5736,EUR,0.0044298321,0.5055555556,2016-12-29,2017-06-29,0.0000,2016-12-27,-0.0006924030,900000.0000,1.0047001706,-2025.0471304515,1.0000000000,-2025.0471304515,EUR,-0.005000,#N/A,0.003321,#N/A,#N/A,#N/A
BGS1,BalanceGuaranteedSwap,6,1,2017-12-29,InterestProjected,-2131.0683,EUR,0.0046580728,0.5083333333,2017-06-29,2017-12-29,0.0000,2017-06-27,-0.0006924024,900000.0000,1.0065865739,-2145.1047436714,1.0000000000,-2145.1047436714,EUR,-0.005000,#N/A,0.003622,#N/A,#N/A,#N/A
BGS1,BalanceGuaranteedSwap,7,1,2018-06-29,InterestProjected,-2264.6679,EUR,0.0055994535,0.5055555556,2017-12-29,2018-06-29,0.0000,2017-12-27,0.0001878007,800000.0000,1.0080207809,-2282.8322800313,1.0000000000,-2282.8322800313,EUR,-0.005000,#N/A,0.003708,#N/A,#N/A,#N/A
BGS1,BalanceGuaranteedSwap,8,1,2018-12-31,InterestProjected,-2487.0791,EUR,0.0060496519,0.5138888889,2018-06-29,2018-12-31,0.0000,2018-06-27,0.0004519391,800000.0000,1.0092381082,-2510.0550128972,1.0000000000,-2510.0550128972,EUR,-0.005000,#N/A,0.003891,#N/A,#N/A,#N/A
BGS1,BalanceGuaranteedSwap,9,1,2019-06-28,InterestProjected,-2820.4936,EUR,0.0081035729,0.4972222222,2018-12-31,2019-06-28,0.0000,2018-12-27,0.0023635505,700000.0000,1.0097634245,-2848.0312300437,1.0000000000,-2848.0312300437,EUR,-0.005000,#N/A,0.004627,#N/A,#N/A,#N/A
BGS1,BalanceGuaranteedSwap,10,1,2019-12-30,InterestProjected,-3250.9096,EUR,0.0090372777,0.5138888889,2019-06-28,2019-12-30,0.0000,2019-06-26,0.0029500287,700000.0000,1.0100929257,-3283.7208171915,1.0000000000,-3283.7208171915,EUR,-0.005000,#N/A,0.005194,#N/A,#N/A,#N/A
BGS1,BalanceGuaranteedSwap,11,1,2020-06-29,InterestProjected,-3254.4250,EUR,0.0107288736,0.5055555556,2019-12-30,2020-06-29,0.0000,2019-12-24,0.0045359327,600000.0000,1.0096987951,-3285.9889854751,1.0000000000,-3285.9889854751,EUR,-0.005000,#N/A,0.005617,#N/A,#N/A,#N/A
BGS1,BalanceGuaranteedSwap,12,1,2020-12-29,InterestProjected,-3480.4524,EUR,0.0114113192,0.5083333333,2020-06-29,2020-12-29,0.0000,2020-06-25,0.0050119971,600000.0000,1.0090793879,-3512.0527409121,1.0000000000,-3512.0527409121,EUR,-0.005000,#N/A,0.005799,#N/A,#N/A,#N/A
BGS1,BalanceGuaranteedSwap,13,1,2021-06-29,InterestProjected,-3629.7358,EUR,0.0143593942,0.5055555556,2020-12-29,2021-06-29,0.0000,2020-12-24,0.0080850366,500000.0000,1.0070769085,-3655.4230648863,1.0000000000,-3655.4230648863,EUR,-0.005000,#N/A,0.006254,#N/A,#N/A,#N/A
BGS1,BalanceGuaranteedSwap,14,1,2021-12-29,InterestProjected,-3916.1119,EUR,0.0154076532,0.5083333333,2021-06-29,2021-12-29,0.0000,2021-06-25,0.0090079998,500000.0000,1.0046373044,-3934.2720692252,1.0000000000,-3934.2720692252,EUR,-0.005000,#N/A,0.006435,#N/A,#N/A,#N/A
BGS1,BalanceGuaranteedSwap,15,1,2022-06-29,InterestProjected,-3158.6593,EUR,0.0156197440,0.5055555556,2021-12-29,2022-06-29,0.0000,2021-12-27,0.0090078873,400000.0000,1.0011302119,-3162.2293010892,1.0000000000,-3162.2293010892,EUR,-0.005000,#N/A,0.006485,#N/A,#N/A,#N/A
BGS1,BalanceGuaranteedSwap,16,1,2022-12-29,InterestProjected,-3222.6390,EUR,0.0158490443,0.5083333333,2022-06-29,2022-12-29,0.0000,2022-06-27,0.0090079998,400000.0000,0.9972796050,-3213.8721482163,1.0000000000,-3213.8721482163,EUR,-0.005000,#N/A,0.006558,#N/A,#N/A,#N/A
BGS1,BalanceGuaranteedSwap,17,1,2023-06-29,InterestProjected,-3001.0176,EUR,0.0197869291,0.5055555556,2022-12-29,2023-06-29,0.0000,2022-12-27,0.0132616207,300000.0000,0.9925664312,-2978.7093055250,1.0000000000,-2978.7093055250,EUR,-0.005000,#N/A,0.006960,#N/A,#N/A,#N/A
BGS1,BalanceGuaranteedSwap,18,1,2023-12-29,InterestProjected,-3204.0539,EUR,0.0210101893,0.5083333333,2023-06-29,2023-12-29,0.0000,2023-06-27,0.0145398085,300000.0000,0.9875718943,-3164.2335447018,1.0000000000,-3164.2335447018,EUR,-0.005000,#N/A,0.006942,#N/A,#N/A,#N/A
BGS1,BalanceGuaranteedSwap,19,1,2024-06-28,InterestProjected,-2130.9000,EUR,0.0210748349,0.5055555556,2023-12-29,2024-06-28,0.0000,2023-12-27,0.0145395156,200000.0000,0.9818726489,-2092.2723964169,1.0000000000,-2092.2723964169,EUR,-0.005000,#N/A,0.006816,#N/A,#N/A,#N/A
BGS1,BalanceGuaranteedSwap,20,1,2024-12-30,InterestProjected,-2170.5921,EUR,0.0211192744,0.5138888889,2024-06-28,2024-12-30,0.0000,2024-06-26,0.0145403943,200000.0000,0.9758620541,-2118.1984521688,1.0000000000,-2118.1984521688,EUR,-0.005000,#N/A,0.006674,#N/A,#N/A,#N/A
BGS1,BalanceGuaranteedSwap,21,1,2025-06-30,InterestProjected,-1070.4859,EUR,0.0211744458,0.5055555556,2024-12-30,2025-06-30,0.0000,2024-12-24,0.0145395156,100000.0000,0.9691905627,-1037.5048013355,1.0000000000,-1037.5048013355,EUR,-0.005000,#N/A,0.006563,#N/A,#N/A,#N/A
BGS1,BalanceGuaranteedSwap,22,1,2025-12-29,InterestProjected,-1074.8505,EUR,0.0212607789,0.5055555556,2025-06-30,2025-12-29,0.0000,2025-06-26,0.0145395156,100000.0000,0.9623207820,-1034.3509645398,1.0000000000,-1034.3509645398,EUR,-0.005000,#N/A,0.006500,#N/A,#N/A,#N/A
BGS1,BalanceGuaranteedSwap,23,1,2026-06-29,InterestProjected,0.0000,EUR,0.0218890732,0.5055555556,2025-12-29,2026-06-29,0.0000,2025-12-23,0.0151576762,0.0000,0.9554615822,0.0000000000,1.0000000000,0.0000000000,EUR,-0.005000,#N/A,0.006478,#N/A,#N/A,#N/A
BGS1,BalanceGuaranteedSwap,24,1,2026-12-29,InterestProjected,0.0000,EUR,0.0221559968,0.5083333333,2026-06-29,2026-12-29,0.0000,2026-06-25,0.0153434879,0.0000,0.9486022185,0.0000000000,1.0000000000,0.0000000000,EUR,-0.005000,#N/A,0.006460,#N/A,#N/A,#N/A
BGS1,BalanceGuaranteedSwap,25,1,2027-06-29,InterestProjected,0.0000,EUR,0.0222523744,0.5055555556,2026-12-29,2027-06-29,0.0000,2026-12-24,0.0153431618,0.0000,0.9418291794,0.0000000000,1.0000000000,0.0000000000,EUR,-0.005000,#N/A,0.006427,#N/A,#N/A,#N/A
BGS1,BalanceGuaranteedSwap,26,1,2027-12-29,InterestProjected,0.0000,EUR,0.0223432926,0.5083333333,2027-06-29,2027-12-29,0.0000,2027-06-25,0.0153434879,0.0000,0.9350676842,0.0000000000,1.0000000000,0.0000000000,EUR,-0.005000,#N/A,0.006390,#N/A,#N/A,#N/A
BGS1,BalanceGuaranteedSwap,27,1,2028-06-29,InterestProjected,0.0000,EUR,0.0233428821,0.5083333333,2027-12-29,2028-06-29,0.0000,2027-12-27,0.0164408874,0.0000,0.9279777334,0.0000000000,1.0000000000,0.0000000000,EUR,-0.005000,#N/A,0.006353,#N/A,#N/A,#N/A
BGS1,BalanceGuaranteedSwap,28,1,2028-12-29,InterestProjected,0.0000,EUR,0.0236783512,0.5083333333,2028-06-29,2028-12-29,0.0000,2028-06-27,0.0167678897,0.0000,0.9208266572,0.0000000000,1.0000000000,0.0000000000,EUR,-0.005000,#N/A,0.006294,#N/A,#N/A,#N/A
FlexiSwap1,FlexiSwap,3,0,2016-06-29,Interest,2033.3333,EUR,0.0040000000,0.5083333333,2015-12-29,2016-06-29,422.2222,#N/A,#N/A,1000000.0000,1.0010376893,2035.4433016706,1.0000000000,2035.4433016706,EUR,#N/A,#N/A,#N/A,#N/A,#N/A,#N/A
FlexiSwap1,FlexiSwap,4,0,2016-12-29,Interest,2033.3333,EUR,0.0040000000,0.5083333333,2016-06-29,2016-12-29,0.0000,#N/A,#N/A,1000000.0000,1.0028401304,2039.1082651384,1.0000000000,2039.1082651384,EUR,#N/A,#N/A,#N/A,#N/A,#N/A,#N/A
FlexiSwap1,FlexiSwap,5,0,2017-06-29,Interest,1820.0000,EUR,0.0040000000,0.5055555556,2016-12-29,2017-06-29,0.0000,#N/A,#N/A,900000.0000,1.0047001706,1828.5543104678,1.0000000000,1828.5543104678,EUR,#N/A,#N/A,#N/A,#N/A,#N/A,#N/A
FlexiSwap1,FlexiSwap,6,0,2017-12-29,Interest,1830.0000,EUR,0.0040000000,0.5083333333,2017-06-29,2017-12-29,0.0000,#N/A,#N/A,900000.0000,1.0065865739,1842.0534301834,1.0000000000,1842.0534301834,EUR,#N/A,#N/A,#N/A,#N/A,#N/A,#N/A
FlexiSwap1,FlexiSwap,7,0,2018-06-29,Interest,1617.7778,EUR,0.0040000000,0.5055555556,2017-12-29,2018-06-29,0.0000,#N/A,#N/A,800000.0000,1.0080207809,1630.7536189415,1.0000000000,1630.7536189415,EUR,#N/A,#N/A,#N/A,#N/A,#N/A,#N/A
FlexiSwap1,FlexiSwap,8,0,2018-12-31,Interest,1644.4444,EUR,0.0040000000,0.5138888889,2018-06-29,2018-12-31,0.0000,#N/A,#N/A,800000.0000,1.0092381082,1659.6360002179,1.0000000000,1659.6360002179,EUR,#N/A,#N/A,#N/A,#N/A,#N/A,#N/A
FlexiSwap1,FlexiSwap,9,0,2019-06-28,Interest,1392.2222,EUR,0.0040000000,0.4972222222,2018-12-31,2019-06-28,0.0000,#N/A,#N/A,700000.0000,1.0097634245,1405.8150787452,1.0000000000,1405.8150787452,EUR,#N/A,#N/A,#N/A,#N/A,#N/A,#N/A
FlexiSwap1,FlexiSwap,10,0,2019-12-30,Interest,1438.8889,EUR,0.0040000000,0.5138888889,2019-06-28,2019-12-30,0.0000,#N/A,#N/A,700000.0000,1.0100929257,1453.4114875855,1.0000000000,1453.4114875855,EUR,#N/A,#N/A,#N/A,#N/A,#N/A,#N/A
FlexiSwap1,FlexiSwap,11,0,2020-06-29,Interest,1213.3333,EUR,0.0040000000,0.5055555556,2019-12-30,2020-06-29,0.0000,#N/A,#N/A,600000.0000,1.0096987951,1225.1012047579,1.0000000000,1225.1012047579,EUR,#N/A,#N/A,#N/A,#N/A,#N/A,#N/A
FlexiSwap1,FlexiSwap,12,0,2020-12-29,Interest,1220.0000,EUR,0.0040000000,0.5083333333,2020-06-29,2020-12-29,0.0000,#N/A,#N/A,600000.0000,1.0090793879,1231.0768532347,1.0000000000,1231.0768532347,EUR,#N/A,#N/A,#N/A,#N/A,#N/A,#N/A
FlexiSwap1,FlexiSwap,13,0,2021-06-29,Interest,1011.1111,EUR,0.0040000000,0.5055555556,2020-12-29,2021-06-29,0.0000,#N/A,#N/A,500000.0000,1.0070769085,1018.2666519779,1.0000000000,1018.2666519779,EUR,#N/A,#N/A,#N/A,#N/A,#N/A,#N/A
FlexiSwap1,FlexiSwap,14,0,2021-12-29,Interest,1016.6667,EUR,0.0040000000,0.5083333333,2021-06-29,2021-12-29,0.0000,#N/A,#N/A,500000.0000,1.0046373044,1021.3812594965,1.0000000000,1021.3812594965,EUR,#N/A,#N/A,#N/A,#N/A,#N/A,#N/A
FlexiSwap1,FlexiSwap,15,0,2022-06-29,Interest,808.8889,EUR,0.0040000000,0.5055555556,2021-12-29,2022-06-29,0.0000,#N/A,#N/A,400000.0000,1.0011302119,809.8031047760,1.0000000000,809.8031047760,EUR,#N/A,#N/A,#N/A,#N/A,#N/A,#N/A
FlexiSwap1,FlexiSwap,16,0,2022-12-29,Interest,813.3333,EUR,0.0040000000,0.5083333333,2022-06-29,2022-12-29,0.0000,#N/A,#N/A,400000.0000,0.9972796050,811.1207453960,1.0000000000,811.1207453960,EUR,#N/A,#N/A,#N/A,#N/A,#N/A,#N/A
FlexiSwap1,FlexiSwap,17,0,2023-06-29,Interest,606.6667,EUR,0.0040000000,0.5055555556,2022-12-29,2023-06-29,0.0000,#N/A,#N/A,300000.0000,0.9925664312,602.1569682711,1.0000000000,602.1569682711,EUR,#N/A,#N/A,#N/A,#N/A,#N/A,#N/A
FlexiSwap1,FlexiSwap,18,0,2023-12-29,Interest,610.0000,EUR,0.0040000000,0.5083333333,2023-06-29,2023-12-29,0.0000,#N/A,#N/A,300000.0000,0.9875718943,602.4188555234,1.0000000000,602.4188555234,EUR,#N/A,#N/A,#N/A,#N/A,#N/A,#N/A
FlexiSwap1,FlexiSwap,19,0,2024-06-28,Interest,404.4444,EUR,0.0040000000,0.5055555556,2023-12-29,2024-06-28,0.0000,#N/A,#N/A,200000.0000,0.9818726489,397.1129380137,1.0000000000,397.1129380137,EUR,#N/A,#N/A,#N/A,#N/A,#N/A,#N/A
FlexiSwap1,FlexiSwap,20,0,2024-12-30,Interest,411.1111,EUR,0.0040000000,0.5138888889,2024-06-28,2024-12-30,0.0000,#N/A,#N/A,200000.0000,0.9758620541,401.1877333579,1.0000000000,401.1877333579,EUR,#N/A,#N/A,#N/A,#N/A,#N/A,#N/A
FlexiSwap1,FlexiSwap,21,0,2025-06-30,Interest,202.2222,EUR,0.0040000000,0.5055555556,2024-12-30,2025-06-30,0.0000,#N/A,#N/A,100000.0000,0.9691905627,195.9918693509,1.0000000000,195.9918693509,EUR,#N/A,#N/A,#N/A,#N/A,#N/A,#N/A
FlexiSwap1,FlexiSwap,22,0,2025-12-29,Interest,202.2222,EUR,0.0040000000,0.5055555556,2025-06-30,2025-12-29,0.0000,#N/A,#N/A,100000.0000,0.9623207820,194.6026470234,1.0000000000,194.6026470234,EUR,#N/A,#N/A,#N/A,#N/A,#N/A,#N/A
FlexiSwap1,FlexiSwap,23,0,2026-06-29,Interest,0.0000,EUR,0.0040000000,0.5055555556,2025-12-29,2026-06-29,0.0000,#N/A,#N/A,0.0000,0.9554615822,0.0000000000,1.0000000000,0.0000000000,EUR,#N/A,#N/A,#N/A,#N/A,#N/A,#N/A
FlexiSwap1,FlexiSwap,24,0,2026-12-29,Interest,0.0000,EUR,0.0040000000,0.5083333333,2026-06-29,2026-12-29,0.0000,#N/A,#N/A,0.0000,0.9486022185,0.0000000000,1.0000000000,0.0000000000,EUR,#N/A,#N/A,#N/A,#N/A,#N/A,#N/A
FlexiSwap1,FlexiSwap,25,0,2027-06-29,Interest,0.0000,EUR,0.0040000000,0.5055555556,2026-12-29,2027-06-29,0.0000,#N/A,#N/A,0.0000,0.9418291794,0.0000000000,1.0000000000,0.0000000000,EUR,#N/A,#N/A,#N/A,#N/A,#N/A,#N/A
FlexiSwap1,FlexiSwap,26,0,2027-12-29,Interest,0.0000,EUR,0.0040000000,0.5083333333,2027-06-29,2027-12-29,0.0000,#N/A,#N/A,0.0000,0.9350676842,0.0000000000,1.0000000000,0.0000000000,EUR,#N/A,#N/A,#N/A,#N/A,#N/A,#N/A
FlexiSwap1,FlexiSwap,27,0,2028-06-29,Interest,0.0000,EUR,0.0040000000,0.5083333333,2027-12-29,2028-06-29,0.0000,#N/A,#N/A,0.0000,0.9279777334,0.0000000000,1.0000000000,0.0000000000,EUR,#N/A,#N/A,#N/A,#N/A,#N/A,#N/A
FlexiSwap1,FlexiSwap,28,0,2028-12-29,Interest,0.0000,EUR,0.0040000000,0.5083333333,2028-06-29,2028-12-29,0.0000,#N/A,#N/A,0.0000,0.9208266572,0.0000000000,1.0000000000,0.0000000000,EUR,#N/A,#N/A,#N/A,#N/A,#N/A,#N/A
FlexiSwap1,FlexiSwap,3,1,2016-06-29,Interest,-2846.6667,EUR,0.0056000000,0.5083333333,2015-12-29,2016-06-29,-591.1111,2015-12-24,0.0006000000,1000000.0000,1.0010376893,-2849.6206223388,1.0000000000,-2849.6206223388,EUR,-0.005000,#N/A,#N/A,#N/A,#N/A,#N/A
FlexiSwap1,FlexiSwap,4,1,2016-12-29,InterestProjected,-2298.4503,EUR,0.0045215417,0.5083333333,2016-06-29,2016-12-29,0.0000,2016-06-27,-0.0004821981,1000000.0000,1.0028401304,-2304.9782397119,1.0000000000,-2304.9782397119,EUR,-0.005000,#N/A,0.002898,#N/A,#N/A,#N/A
FlexiSwap1,FlexiSwap,5,1,2017-06-29,InterestProjected,-2015.5736,EUR,0.0044298321,0.5055555556,2016-12-29,2017-06-29,0.0000,2016-12-27,-0.0006924030,900000.0000,1.0047001706,-2025.0471304515,1.0000000000,-2025.0471304515,EUR,-0.005000,#N/A,0.003321,#N/A,#N/A,#N/A
FlexiSwap1,FlexiSwap,6,1,2017-12-29,InterestProjected,-2131.0683,EUR,0.0046580728,0.5083333333,2017-06-29,2017-12-29,0.0000,2017-06-27,-0.0006924024,900000.0000,1.0065865739,-2145.1047436714,1.0000000000,-2145.1047436714,EUR,-0.005000,#N/A,0.003622,#N/A,#N/A,#N/A
FlexiSwap1,FlexiSwap,7,1,2018-06-29,InterestProjected,-2264.6679,EUR,0.0055994535,0.5055555556,2017-12-29,2018-06-29,0.0000,2017-12-27,0.0001878007,800000.0000,1.0080207809,-2282.8322800313,1.0000000000,-2282.8322800313,EUR,-0.005000,#N/A,0.003708,#N/A,#N/A,#N/A
FlexiSwap1,FlexiSwap,8,1,2018-12-31,InterestProjected,-2487.0791,EUR,0.0060496519,0.5138888889,2018-06-29,2018-12-31,0.0000,2018-06-27,0.0004519391,800000.0000,1.0092381082,-2510.0550128972,1.0000000000,-2510.0550128972,EUR,-0.005000,#N/A,0.003891,#N/A,#N/A,#N/A
FlexiSwap1,FlexiSwap,9,1,2019-06-28,InterestProjected,-2820.4936,EUR,0.0081035729,0.4972222222,2018-12-31,2019-06-28,0.0000,2018-12-27,0.0023635505,700000.0000,1.0097634245,-2848.0312300437,1.0000000000,-2848.0312300437,EUR,-0.005000,#N/A,0.004627,#N/A,#N/A,#N/A
FlexiSwap1,FlexiSwap,10,1,2019-12-30,InterestProjected,-3250.9096,EUR,0.0090372777,0.5138888889,2019-06-28,2019-12-30,0.0000,2019-06-26,0.0029500287,700000.0000,1.0100929257,-3283.7208171915,1.0000000000,-3283.7208171915,EUR,-0.005000,#N/A,0.005194,#N/A,#N/A,#N/A
FlexiSwap1,FlexiSwap,11,1,2020-06-29,InterestProjected,-3254.4250,EUR,0.0107288736,0.5055555556,2019-12-30,2020-06-29,0.0000,2019-12-24,0.0045359327,600000.0000,1.0096987951,-3285.9889854751,1.0000000000,-3285.9889854751,EUR,-0.005000,#N/A,0.005617,#N/A,#N/A,#N/A
FlexiSwap1,FlexiSwap,12,1,2020-12-29,InterestProjected,-3480.4524,EUR,0.0114113192,0.5083333333,2020-06-29,2020-12-29,0.0000,2020-06-25,0.0050119971,600000.0000,1.0090793879,-3512.0527409121,1.0000000000,-3512.0527409121,EUR,-0.005000,#N/A,0.005799,#N/A,#N/A,#N/A
FlexiSwap1,FlexiSwap,13,1,2021-06-29,InterestProjected,-3629.7358,EUR,0.0143593942,0.5055555556,2020-12-29,2021-06-29,0.0000,2020-12-24,0.0080850366,500000.0000,1.0070769085,-3655.4230648863,1.0000000000,-3655.4230648863,EUR,-0.005000,#N/A,0.006254,#N/A,#N/A,#N/A
FlexiSwap1,FlexiSwap,14,1,2021-12-29,InterestProjected,-3916.1119,EUR,0.0154076532,0.5083333333,2021-06-29,2021-12-29,0.0000,2021-06-25,0.0090079998,500000.0000,1.0046373044,-3934.2720692252,1.0000000000,-3934.2720692252,EUR,-0.005000,#N/A,0.006435,#N/A,#N/A,#N/A
FlexiSwap1,FlexiSwap,15,1,2022-06-29,InterestProjected,-3158.6593,EUR,0.0156197440,0.5055555556,2021-12-29,2022-06-29,0.0000,2021-12-27,0.0090078873,400000.0000,1.0011302119,-3162.2293010892,1.0000000000,-3162.2293010892,EUR,-0.005000,#N/A,0.006485,#N/A,#N/A,#N/A
FlexiSwap1,FlexiSwap,16,1,2022-12-29,InterestProjected,-3222.6390,EUR,0.0158490443,0.5083333333,2022-06-29,2022-12-29,0.0000,2022-06-27,0.0090079998,400000.0000,0.9972796050,-3213.8721482163,1.0000000000,-3213.8721482163,EUR,-0.005000,#N/A,0.006558,#N/A,#N/A,#N/A
FlexiSwap1,FlexiSwap,17,1,2023-06-29,InterestProjected,-3001.0176,EUR,0.0197869291,0.5055555556,2022-12-29,2023-06-29,0.0000,2022-12-27,0.0132616207,300000.0000,0.9925664312,-2978.7093055250,1.0000000000,-2978.7093055250,EUR,-0.005000,#N/A,0.006960,#N/A,#N/A,#N/A
FlexiSwap1,FlexiSwap,18,1,2023-12-29,InterestProjected,-3204.0539,EUR,0.0210101893,0.5083333333,2023-06-29,2023-12-29,0.0000,2023-06-27,0.0145398085,300000.0000,0.9875718943,-3164.2335447018,1.0000000000,-3164.2335447018,EUR,-0.005000,#N/A,0.006942,#N/A,#N/A,#N/A
FlexiSwap1,FlexiSwap,19,1,2024-06-28,InterestProjected,-2130.9000,EUR,0.0210748349,0.5055555556,2023-12-29,2024-06-28,0.0000,2023-12-27,0.0145395156,200000.0000,0.9818726489,-2092.2723964169,1.0000000000,-2092.2723964169,EUR,-0.005000,#N/A,0.006816,#N/A,#N/A,#N/A
FlexiSwap1,FlexiSwap,20,1,2024-12-30,InterestProjected,-2170.5921,EUR,0.0211192744,0.5138888889,2024-06-28,2024-12-30,0.0000,2024-06-26,0.0145403943,200000.0000,0.9758620541,-2118.1984521688,1.0000000000,-2118.1984521688,EUR,-0.005000,#N/A,0.006674,#N/A,#N/A,#N/A
FlexiSwap1,FlexiSwap,21,1,2025-06-30,InterestProjected,-1070.4859,EUR,0.0211744458,0.5055555556,2024-12-30,2025-06-30,0.0000,2024-12-24,0.0145395156,100000.0000,0.9691905627,-1037.5048013355,1.0000000000,-1037.5048013355,EUR,-0.005000,#N/A,0.006563,#N/A,#N/A,#N/A
FlexiSwap1,FlexiSwap,22,1,2025-12-29,InterestProjected,-1074.8505,EUR,0.0212607789,0.5055555556,2025-06-30,2025-12-29,0.0000,2025-06-26,0.0145395156,100000.0000,0.9623207820,-1034.3509645398,1.0000000000,-1034.3509645398,EUR,-0.005000,#N/A,0.006500,#N/A,#N/A,#N/A
FlexiSwap1,FlexiSwap,23,1,2026-06-29,InterestProjected,0.0000,EUR,0.0218890732,0.5055555556,2025-12-29,2026-06-29,0.0000,2025-12-23,0.0151576762,0.0000,0.9554615822,0.0000000000,1.0000000000,0.0000000000,EUR,-0.005000,#N/A,0.006478,#N/A,#N/A,#N/A
FlexiSwap1,FlexiSwap,24,1,2026-12-29,InterestProjected,0.0000,EUR,0.0221559968,0.5083333333,2026-06-29,2026-12-29,0.0000,2026-06-25,0.0153434879,0.0000,0.9486022185,0.0000000000,1.0000000000,0.0000000000,EUR,-0.005000,#N/A,0.006460,#N/A,#N/A,#N/A
FlexiSwap1,FlexiSwap,25,1,2027-06-29,InterestProjected,0.0000,EUR,0.0222523744,0.5055555556,2026-12-29,2027-06-29,0.0000,2026-12-24,0.0153431618,0.0000,0.9418291794,0.0000000000,1.0000000000,0.0000000000,EUR,-0.005000,#N/A,0.006427,#N/A,#N/A,#N/A
FlexiSwap1,FlexiSwap,26,1,2027-12-29,InterestProjected,0.0000,EUR,0.0223432926,0.5083333333,2027-06-29,2027-12-29,0.0000,2027-06-25,0.0153434879,0.0000,0.9350676842,0.0000000000,1.0000000000,0.0000000000,EUR,-0.005000,#N/A,0.006390,#N/A,#N/A,#N/A
FlexiSwap1,FlexiSwap,27,1,2028-06-29,InterestProjected,0.0000,EUR,0.0233428821,0.5083333333,2027-12-29,2028-06-29,0.0000,2027-12-27,0.0164408874,0.0000,0.9279777334,0.0000000000,1.0000000000,0.0000000000,EUR,-0.005000,#N/A,0.006353,#N/A,#N/A,#N/A
FlexiSwap1,FlexiSwap,28,1,2028-12-29,InterestProjected,0.0000,EUR,0.0236783512,0.5083333333,2028-06-29,2028-12-29,0.0000,2028-06-27,0.0167678897,0.0000,0.9208266572,0.0000000000,1.0000000000,0.0000000000,EUR,-0.005000,#N/A,0.006294,#N/A,#N/A,#N/A
