#TradeId,TradeType,Maturity,MaturityTime,NPV,NpvCurrency,NPV(Base),BaseCurrency,Notional,NotionalCurrency,Notional(Base),NettingSet,CounterParty
BGS1,BalanceGuaranteedSwap,2028-12-29,12.896175,-38624.997539,EUR,-38624.997539,EUR,1000000.00,EUR,1000000.00,ABC1234,001B456BCDEFGH67XY89
FlexiSwap1,FlexiSwap,2028-12-29,12.896175,-38624.997539,EUR,-38624.997539,EUR,1000000.00,EUR,1000000.00,ABC1234,001B456BCDEFGH67XY89
